10.5578 	WARNING 	ExperimentHandler created with no dataFileName parameter. No data will be saved in the event of a crash
10.5685 	WARNING 	Requested an unavailable screen number - using first available.
10.5698 	WARNING 	User requested fullscreen with size [800 600], but screen is actually [1512, 982]. Using actual size
11.7897 	WARNING 	Couldn't measure a consistent frame rate!
  - Is your graphics card set to sync to vertical blank?
  - Are you running other processes on your computer?

11.7900 	EXP 	Created window1 = Window(allowGUI=True, allowStencil=False, autoLog=True, backendConf=UNKNOWN, backgroundFit=<method-wrapper '__getattribute__' of attributeSetter object at 0x7f8c216468b0>, backgroundImage=<method-wrapper '__getattribute__' of attributeSetter object at 0x7f8c21646850>, bitsMode=UNKNOWN, blendMode='avg', bpc=(8, 8, 8), color=array([-1, -1, -1]), colorSpace='rgb', depthBits=8, fullscr=<method-wrapper '__getattribute__' of attributeSetter object at 0x7f8c21646610>, gamma=None, gammaErrorPolicy='raise', infoMsg=UNKNOWN, lms=UNKNOWN, monitor=<psychopy.monitors.calibTools.Monitor object at 0x7f8c00ea4160>, multiSample=False, name='window1', numSamples=2, pos=[378.0, 245.5], screen=1, size=array([3024, 1964]), stencilBits=0, stereo=False, title='PsychoPy', units='deg', useFBO=False, useRetina=True, viewOri=0.0, viewPos=None, viewScale=None, waitBlanking=True, winType='pyglet')
11.7900 	EXP 	window1: backgroundImage = None
11.7900 	EXP 	window1: backgroundFit = 'cover'
11.7904 	EXP 	window1: mouseVisible = <method-wrapper '__getattribute__' of attributeSetter object at 0x7f8c216469d0>
11.8164 	EXP 	Created unnamed TextStim = TextStim(__class__=<class 'psychopy.visual.text.TextStim'>, alignHoriz=method-wrapper(...), alignText='center', alignVert=method-wrapper(...), anchorHoriz='center', anchorVert='center', antialias=True, autoDraw=False, autoLog=True, bold=True, color=array([1., 1., 1.]), colorSpace='rgb', contrast=1.0, depth=0, draggable=False, flipHoriz=False, flipVert=False, font='Geneva', fontFiles=[], height=0.5, italic=False, languageStyle='LTR', name='unnamed TextStim', opacity=1.0, ori=0.0, pos=array([0., 0.]), rgb=UNKNOWN, text='+', units='deg', win=Window(...), wrapWidth=15.0)
11.8165 	EXP 	window1: mouseVisible = <method-wrapper '__getattribute__' of attributeSetter object at 0x7f8c216469d0>
11.8228 	EXP 	Created unnamed TextStim = TextStim(__class__=<class 'psychopy.visual.text.TextStim'>, alignHoriz=method-wrapper(...), alignText='center', alignVert=method-wrapper(...), anchorHoriz='center', anchorVert='center', antialias=True, autoDraw=False, autoLog=True, bold=True, color=array([1., 1., 1.]), colorSpace='rgb', contrast=1.0, depth=0, draggable=False, flipHoriz=False, flipVert=False, font='Geneva', fontFiles=[], height=0.4, italic=False, languageStyle='LTR', name='unnamed TextStim', opacity=1.0, ori=0.0, pos=array([0. , 0.7]), rgb=UNKNOWN, text='Hello World', units='deg', win=Window(...), wrapWidth=15.0)
11.8228 	EXP 	window1: mouseVisible = <method-wrapper '__getattribute__' of attributeSetter object at 0x7f8c216469d0>
11.8279 	EXP 	Created unnamed TextStim = TextStim(__class__=<class 'psychopy.visual.text.TextStim'>, alignHoriz=method-wrapper(...), alignText='center', alignVert=method-wrapper(...), anchorHoriz='center', anchorVert='center', antialias=True, autoDraw=False, autoLog=True, bold=True, color=array([1., 1., 1.]), colorSpace='rgb', contrast=1.0, depth=0, draggable=False, flipHoriz=False, flipVert=False, font='Geneva', fontFiles=[], height=0.7, italic=False, languageStyle='LTR', name='unnamed TextStim', opacity=1.0, ori=0.0, pos=array([0. , 0.7]), rgb=UNKNOWN, text='Hello World', units='deg', win=Window(...), wrapWidth=15.0)
11.8280 	EXP 	window1: mouseVisible = <method-wrapper '__getattribute__' of attributeSetter object at 0x7f8c216469d0>
11.8298 	EXP 	Created unnamed TextStim = TextStim(__class__=<class 'psychopy.visual.text.TextStim'>, alignHoriz=method-wrapper(...), alignText='center', alignVert=method-wrapper(...), anchorHoriz='center', anchorVert='center', antialias=True, autoDraw=False, autoLog=True, bold=True, color=array([1., 1., 1.]), colorSpace='rgb', contrast=1.0, depth=0, draggable=False, flipHoriz=False, flipVert=False, font='Geneva', fontFiles=[], height=0.7, italic=False, languageStyle='LTR', name='unnamed TextStim', opacity=1.0, ori=0.0, pos=array([ 0. , -0.7]), rgb=UNKNOWN, text='Hello World', units='deg', win=Window(...), wrapWidth=15.0)
11.8318 	EXP 	window1: mouseVisible = False
11.8554 	WARNING 	t of last frame was 65.83ms (=1/15)
11.8554 	EXP 	unnamed TextStim: height = 0.4
11.8554 	EXP 	unnamed TextStim: height = 0.4
11.8554 	EXP 	unnamed TextStim: height = 0.4
11.8554 	EXP 	unnamed TextStim: text = 'Please press right index finger yes \n \nand press right middle finger for no'
18.2615 	DATA 	Keypress: space
21.5168 	DATA 	Keypress: space
23.3468 	DATA 	Keypress: t
23.8703 	WARNING 	t of last frame was 12014.84ms (=1/0)
23.8703 	EXP 	unnamed TextStim: height = 0.7
23.8703 	EXP 	unnamed TextStim: height = 0.7
23.8703 	EXP 	unnamed TextStim: height = 0.7
23.8703 	EXP 	unnamed TextStim: text = 'SELF'
23.8703 	EXP 	unnamed TextStim: height = 0.7
23.8703 	EXP 	unnamed TextStim: height = 0.7
23.8703 	EXP 	unnamed TextStim: height = 0.7
23.8703 	EXP 	unnamed TextStim: text = 'hostile'
23.8703 	EXP 	unnamed TextStim: autoDraw = True
25.8709 	DATA 	No keypress (maxWait exceeded)
25.8834 	WARNING 	t of last frame was 2013.09ms (=1/0)
25.8834 	EXP 	unnamed TextStim: autoDraw = True
27.0509 	DATA 	Keypress: g
27.0630 	WARNING 	t of last frame was 1179.64ms (=1/0)
27.0630 	EXP 	unnamed TextStim: height = 0.7
27.0630 	EXP 	unnamed TextStim: height = 0.7
27.0630 	EXP 	unnamed TextStim: height = 0.7
27.0630 	EXP 	unnamed TextStim: text = 'UPPERCASE'
27.0630 	EXP 	unnamed TextStim: height = 0.7
27.0630 	EXP 	unnamed TextStim: height = 0.7
27.0630 	EXP 	unnamed TextStim: height = 0.7
27.0630 	EXP 	unnamed TextStim: text = 'resentful'
27.0630 	EXP 	unnamed TextStim: autoDraw = True
28.2692 	DATA 	Keypress: r
28.2826 	WARNING 	Multiple dropped frames have occurred - I'll stop bothering you about them!
28.2825 	EXP 	unnamed TextStim: autoDraw = True
29.0496 	EXP 	unnamed TextStim: height = 0.7
29.0496 	EXP 	unnamed TextStim: height = 0.7
29.0496 	EXP 	unnamed TextStim: height = 0.7
29.0496 	EXP 	unnamed TextStim: text = 'OBAMA'
29.0496 	EXP 	unnamed TextStim: height = 0.7
29.0496 	EXP 	unnamed TextStim: height = 0.7
29.0496 	EXP 	unnamed TextStim: height = 0.7
29.0496 	EXP 	unnamed TextStim: text = 'spirited'
29.0496 	EXP 	unnamed TextStim: autoDraw = True
30.1836 	DATA 	Keypress: g
30.1932 	EXP 	unnamed TextStim: autoDraw = True
33.8501 	DATA 	Keypress: g
33.8514 	DATA 	Keypress: t
33.8527 	DATA 	Keypress: t
33.8539 	DATA 	Keypress: t
33.8552 	DATA 	Keypress: t
33.8564 	DATA 	Keypress: t
33.8575 	DATA 	Keypress: t
33.8587 	DATA 	Keypress: t
33.8598 	DATA 	Keypress: t
33.8609 	DATA 	Keypress: t
33.8761 	EXP 	unnamed TextStim: height = 0.7
33.8761 	EXP 	unnamed TextStim: height = 0.7
33.8761 	EXP 	unnamed TextStim: height = 0.7
33.8761 	EXP 	unnamed TextStim: text = 'SELF'
33.8761 	EXP 	unnamed TextStim: height = 0.7
33.8761 	EXP 	unnamed TextStim: height = 0.7
33.8761 	EXP 	unnamed TextStim: height = 0.7
33.8761 	EXP 	unnamed TextStim: text = 'proud'
33.8761 	EXP 	unnamed TextStim: autoDraw = True
34.0092 	DATA 	Keypress: t
34.4539 	DATA 	Keypress: r
34.4567 	EXP 	unnamed TextStim: autoDraw = True
40.0505 	DATA 	Keypress: t
40.0520 	DATA 	Keypress: t
40.0534 	DATA 	Keypress: t
40.0547 	DATA 	Keypress: t
40.0559 	DATA 	Keypress: t
40.0571 	DATA 	Keypress: t
40.0583 	DATA 	Keypress: t
40.0595 	DATA 	Keypress: t
40.0606 	DATA 	Keypress: t
40.0618 	DATA 	Keypress: t
40.0629 	DATA 	Keypress: t
40.0640 	DATA 	Keypress: t
40.0652 	DATA 	Keypress: t
40.0663 	DATA 	Keypress: t
40.0674 	DATA 	Keypress: t
40.0685 	DATA 	Keypress: t
40.0696 	DATA 	Keypress: t
40.0707 	DATA 	Keypress: t
40.0719 	DATA 	Keypress: t
40.0730 	DATA 	Keypress: t
40.0741 	DATA 	Keypress: t
40.0753 	DATA 	Keypress: t
40.0905 	EXP 	unnamed TextStim: text = 'SELF'
40.0905 	EXP 	unnamed TextStim: height = 0.7
40.0905 	EXP 	unnamed TextStim: height = 0.7
40.0905 	EXP 	unnamed TextStim: height = 0.7
40.0905 	EXP 	unnamed TextStim: text = 'popular'
40.0905 	EXP 	unnamed TextStim: autoDraw = True
40.1936 	DATA 	Keypress: t
40.6170 	DATA 	Keypress: g
40.6196 	EXP 	unnamed TextStim: autoDraw = True
45.9503 	DATA 	Keypress: t
45.9517 	DATA 	Keypress: t
45.9527 	DATA 	Keypress: t
45.9537 	DATA 	Keypress: t
45.9547 	DATA 	Keypress: t
45.9558 	DATA 	Keypress: t
45.9569 	DATA 	Keypress: t
45.9580 	DATA 	Keypress: t
45.9591 	DATA 	Keypress: t
45.9603 	DATA 	Keypress: t
45.9614 	DATA 	Keypress: t
45.9625 	DATA 	Keypress: t
45.9636 	DATA 	Keypress: t
45.9647 	DATA 	Keypress: t
45.9658 	DATA 	Keypress: t
45.9669 	DATA 	Keypress: t
45.9680 	DATA 	Keypress: t
45.9691 	DATA 	Keypress: t
45.9702 	DATA 	Keypress: t
45.9713 	DATA 	Keypress: t
45.9725 	DATA 	Keypress: t
45.9736 	DATA 	Keypress: t
45.9747 	DATA 	Keypress: t
45.9892 	EXP 	unnamed TextStim: height = 0.7
45.9892 	EXP 	unnamed TextStim: height = 0.7
45.9892 	EXP 	unnamed TextStim: height = 0.7
45.9892 	EXP 	unnamed TextStim: text = 'UPPERCASE'
45.9892 	EXP 	unnamed TextStim: height = 0.7
45.9892 	EXP 	unnamed TextStim: height = 0.7
45.9892 	EXP 	unnamed TextStim: height = 0.7
45.9892 	EXP 	unnamed TextStim: text = 'DECEITFUL'
45.9892 	EXP 	unnamed TextStim: autoDraw = True
46.1857 	DATA 	Keypress: t
47.0174 	DATA 	Keypress: g
47.0233 	EXP 	unnamed TextStim: autoDraw = True
50.7608 	EXP 	unnamed TextStim: text = 'UPPERCASE'
50.7608 	EXP 	unnamed TextStim: height = 0.7
50.7608 	EXP 	unnamed TextStim: height = 0.7
50.7608 	EXP 	unnamed TextStim: height = 0.7
50.7608 	EXP 	unnamed TextStim: text = 'SNOBBISH'
50.7608 	EXP 	unnamed TextStim: autoDraw = True
51.8479 	DATA 	Keypress: g
51.8597 	EXP 	unnamed TextStim: autoDraw = True
55.1631 	EXP 	unnamed TextStim: height = 0.7
55.1631 	EXP 	unnamed TextStim: height = 0.7
55.1631 	EXP 	unnamed TextStim: height = 0.7
55.1631 	EXP 	unnamed TextStim: text = 'SELF'
55.1631 	EXP 	unnamed TextStim: height = 0.7
55.1631 	EXP 	unnamed TextStim: height = 0.7
55.1631 	EXP 	unnamed TextStim: height = 0.7
55.1631 	EXP 	unnamed TextStim: text = 'inventive'
55.1631 	EXP 	unnamed TextStim: autoDraw = True
55.8029 	DATA 	Keypress: r
55.8058 	EXP 	unnamed TextStim: autoDraw = True
58.1600 	EXP 	unnamed TextStim: text = 'SELF'
58.1600 	EXP 	unnamed TextStim: height = 0.7
58.1600 	EXP 	unnamed TextStim: height = 0.7
58.1600 	EXP 	unnamed TextStim: height = 0.7
58.1600 	EXP 	unnamed TextStim: text = 'mathematical'
58.1600 	EXP 	unnamed TextStim: autoDraw = True
59.0315 	DATA 	Keypress: r
59.0341 	EXP 	unnamed TextStim: autoDraw = True
60.1600 	EXP 	unnamed TextStim: height = 0.7
60.1600 	EXP 	unnamed TextStim: height = 0.7
60.1600 	EXP 	unnamed TextStim: height = 0.7
60.1600 	EXP 	unnamed TextStim: text = 'OBAMA'
60.1600 	EXP 	unnamed TextStim: height = 0.7
60.1600 	EXP 	unnamed TextStim: height = 0.7
60.1600 	EXP 	unnamed TextStim: height = 0.7
60.1600 	EXP 	unnamed TextStim: text = 'middleclass'
60.1600 	EXP 	unnamed TextStim: autoDraw = True
60.7490 	DATA 	Keypress: r
60.7514 	EXP 	unnamed TextStim: autoDraw = True
63.2601 	EXP 	unnamed TextStim: text = 'OBAMA'
63.2601 	EXP 	unnamed TextStim: height = 0.7
63.2601 	EXP 	unnamed TextStim: height = 0.7
63.2601 	EXP 	unnamed TextStim: height = 0.7
63.2601 	EXP 	unnamed TextStim: text = 'selfish'
63.2601 	EXP 	unnamed TextStim: autoDraw = True
63.7300 	DATA 	Keypress: g
63.7327 	EXP 	unnamed TextStim: autoDraw = True
65.3620 	EXP 	unnamed TextStim: text = 'OBAMA'
65.3620 	EXP 	unnamed TextStim: height = 0.7
65.3620 	EXP 	unnamed TextStim: height = 0.7
65.3620 	EXP 	unnamed TextStim: height = 0.7
65.3620 	EXP 	unnamed TextStim: text = 'emotional'
65.3620 	EXP 	unnamed TextStim: autoDraw = True
65.7816 	DATA 	Keypress: r
65.7843 	EXP 	unnamed TextStim: autoDraw = True
68.6605 	EXP 	unnamed TextStim: text = 'OBAMA'
68.6605 	EXP 	unnamed TextStim: height = 0.7
68.6605 	EXP 	unnamed TextStim: height = 0.7
68.6605 	EXP 	unnamed TextStim: height = 0.7
68.6605 	EXP 	unnamed TextStim: text = 'squeamish'
68.6605 	EXP 	unnamed TextStim: autoDraw = True
69.3909 	DATA 	Keypress: g
69.3933 	EXP 	unnamed TextStim: autoDraw = True
75.6629 	EXP 	unnamed TextStim: height = 0.7
75.6629 	EXP 	unnamed TextStim: height = 0.7
75.6629 	EXP 	unnamed TextStim: height = 0.7
75.6629 	EXP 	unnamed TextStim: text = 'SELF'
75.6629 	EXP 	unnamed TextStim: height = 0.7
75.6629 	EXP 	unnamed TextStim: height = 0.7
75.6629 	EXP 	unnamed TextStim: height = 0.7
75.6629 	EXP 	unnamed TextStim: text = 'active'
75.6629 	EXP 	unnamed TextStim: autoDraw = True
76.2175 	DATA 	Keypress: r
76.2205 	EXP 	unnamed TextStim: autoDraw = True
77.6592 	EXP 	unnamed TextStim: text = 'SELF'
77.6592 	EXP 	unnamed TextStim: height = 0.7
77.6592 	EXP 	unnamed TextStim: height = 0.7
77.6592 	EXP 	unnamed TextStim: height = 0.7
77.6592 	EXP 	unnamed TextStim: text = 'unsportsmanlike'
77.6592 	EXP 	unnamed TextStim: autoDraw = True
78.4140 	DATA 	Keypress: r
78.4157 	EXP 	unnamed TextStim: autoDraw = True
79.9652 	EXP 	unnamed TextStim: height = 0.7
79.9652 	EXP 	unnamed TextStim: height = 0.7
79.9652 	EXP 	unnamed TextStim: height = 0.7
79.9652 	EXP 	unnamed TextStim: text = 'OBAMA'
79.9652 	EXP 	unnamed TextStim: height = 0.7
79.9652 	EXP 	unnamed TextStim: height = 0.7
79.9652 	EXP 	unnamed TextStim: height = 0.7
79.9652 	EXP 	unnamed TextStim: text = 'wholesome'
79.9652 	EXP 	unnamed TextStim: autoDraw = True
80.4337 	DATA 	Keypress: r
80.4361 	EXP 	unnamed TextStim: autoDraw = True
86.4622 	EXP 	unnamed TextStim: height = 0.7
86.4622 	EXP 	unnamed TextStim: height = 0.7
86.4622 	EXP 	unnamed TextStim: height = 0.7
86.4622 	EXP 	unnamed TextStim: text = 'SELF'
86.4622 	EXP 	unnamed TextStim: height = 0.7
86.4622 	EXP 	unnamed TextStim: height = 0.7
86.4622 	EXP 	unnamed TextStim: height = 0.7
86.4622 	EXP 	unnamed TextStim: text = 'trustful'
86.4622 	EXP 	unnamed TextStim: autoDraw = True
87.1019 	DATA 	Keypress: r
87.1052 	EXP 	unnamed TextStim: autoDraw = True
90.4608 	EXP 	unnamed TextStim: text = 'SELF'
90.4608 	EXP 	unnamed TextStim: height = 0.7
90.4608 	EXP 	unnamed TextStim: height = 0.7
90.4608 	EXP 	unnamed TextStim: height = 0.7
90.4608 	EXP 	unnamed TextStim: text = 'outspoken'
90.4608 	EXP 	unnamed TextStim: autoDraw = True
90.9100 	DATA 	Keypress: r
90.9129 	EXP 	unnamed TextStim: autoDraw = True
92.5585 	EXP 	unnamed TextStim: text = 'SELF'
92.5585 	EXP 	unnamed TextStim: height = 0.7
92.5585 	EXP 	unnamed TextStim: height = 0.7
92.5585 	EXP 	unnamed TextStim: height = 0.7
92.5585 	EXP 	unnamed TextStim: text = 'punctual'
92.5585 	EXP 	unnamed TextStim: autoDraw = True
93.2984 	DATA 	Keypress: r
93.3007 	EXP 	unnamed TextStim: autoDraw = True
95.1635 	EXP 	unnamed TextStim: text = 'SELF'
95.1635 	EXP 	unnamed TextStim: height = 0.7
95.1635 	EXP 	unnamed TextStim: height = 0.7
95.1635 	EXP 	unnamed TextStim: height = 0.7
95.1635 	EXP 	unnamed TextStim: text = 'unhappy'
95.1635 	EXP 	unnamed TextStim: autoDraw = True
95.5487 	DATA 	Keypress: g
95.5511 	EXP 	unnamed TextStim: autoDraw = True
99.1596 	EXP 	unnamed TextStim: height = 0.7
99.1596 	EXP 	unnamed TextStim: height = 0.7
99.1596 	EXP 	unnamed TextStim: height = 0.7
99.1596 	EXP 	unnamed TextStim: text = 'OBAMA'
99.1596 	EXP 	unnamed TextStim: height = 0.7
99.1596 	EXP 	unnamed TextStim: height = 0.7
99.1596 	EXP 	unnamed TextStim: height = 0.7
99.1596 	EXP 	unnamed TextStim: text = 'strict'
99.1596 	EXP 	unnamed TextStim: autoDraw = True
99.5313 	DATA 	Keypress: r
99.5336 	EXP 	unnamed TextStim: autoDraw = True
101.7627 	EXP 	unnamed TextStim: height = 0.7
101.7627 	EXP 	unnamed TextStim: height = 0.7
101.7627 	EXP 	unnamed TextStim: height = 0.7
101.7627 	EXP 	unnamed TextStim: text = 'SELF'
101.7627 	EXP 	unnamed TextStim: height = 0.7
101.7627 	EXP 	unnamed TextStim: height = 0.7
101.7627 	EXP 	unnamed TextStim: height = 0.7
101.7627 	EXP 	unnamed TextStim: text = 'changeable'
101.7627 	EXP 	unnamed TextStim: autoDraw = True
102.1336 	DATA 	Keypress: r
102.1373 	EXP 	unnamed TextStim: autoDraw = True
106.7624 	EXP 	unnamed TextStim: height = 0.7
106.7624 	EXP 	unnamed TextStim: height = 0.7
106.7624 	EXP 	unnamed TextStim: height = 0.7
106.7624 	EXP 	unnamed TextStim: text = 'UPPERCASE'
106.7624 	EXP 	unnamed TextStim: height = 0.7
106.7624 	EXP 	unnamed TextStim: height = 0.7
106.7624 	EXP 	unnamed TextStim: height = 0.7
106.7624 	EXP 	unnamed TextStim: text = 'INTELLIGENT'
106.7624 	EXP 	unnamed TextStim: autoDraw = True
108.0500 	DATA 	Keypress: g
108.0641 	EXP 	unnamed TextStim: autoDraw = True
112.8610 	EXP 	unnamed TextStim: height = 0.7
112.8610 	EXP 	unnamed TextStim: height = 0.7
112.8610 	EXP 	unnamed TextStim: height = 0.7
112.8610 	EXP 	unnamed TextStim: text = 'OBAMA'
112.8610 	EXP 	unnamed TextStim: height = 0.7
112.8610 	EXP 	unnamed TextStim: height = 0.7
112.8610 	EXP 	unnamed TextStim: height = 0.7
112.8610 	EXP 	unnamed TextStim: text = 'perfectionistic'
112.8610 	EXP 	unnamed TextStim: autoDraw = True
113.4080 	DATA 	Keypress: r
113.4111 	EXP 	unnamed TextStim: autoDraw = True
116.9617 	EXP 	unnamed TextStim: height = 0.7
116.9617 	EXP 	unnamed TextStim: height = 0.7
116.9617 	EXP 	unnamed TextStim: height = 0.7
116.9617 	EXP 	unnamed TextStim: text = 'SELF'
116.9617 	EXP 	unnamed TextStim: height = 0.7
116.9617 	EXP 	unnamed TextStim: height = 0.7
116.9617 	EXP 	unnamed TextStim: height = 0.7
116.9617 	EXP 	unnamed TextStim: text = 'self-conceited'
116.9617 	EXP 	unnamed TextStim: autoDraw = True
117.5921 	DATA 	Keypress: r
117.5946 	EXP 	unnamed TextStim: autoDraw = True
119.4600 	EXP 	unnamed TextStim: height = 0.7
119.4600 	EXP 	unnamed TextStim: height = 0.7
119.4600 	EXP 	unnamed TextStim: height = 0.7
119.4600 	EXP 	unnamed TextStim: text = 'UPPERCASE'
119.4600 	EXP 	unnamed TextStim: height = 0.7
119.4600 	EXP 	unnamed TextStim: height = 0.7
119.4600 	EXP 	unnamed TextStim: height = 0.7
119.4600 	EXP 	unnamed TextStim: text = 'stubborn'
119.4600 	EXP 	unnamed TextStim: autoDraw = True
120.7219 	DATA 	Keypress: r
120.7345 	EXP 	unnamed TextStim: autoDraw = True
122.8593 	EXP 	unnamed TextStim: height = 0.7
122.8593 	EXP 	unnamed TextStim: height = 0.7
122.8593 	EXP 	unnamed TextStim: height = 0.7
122.8593 	EXP 	unnamed TextStim: text = 'SELF'
122.8593 	EXP 	unnamed TextStim: height = 0.7
122.8593 	EXP 	unnamed TextStim: height = 0.7
122.8593 	EXP 	unnamed TextStim: height = 0.7
122.8593 	EXP 	unnamed TextStim: text = 'innocent'
122.8593 	EXP 	unnamed TextStim: autoDraw = True
123.4145 	DATA 	Keypress: r
123.4174 	EXP 	unnamed TextStim: autoDraw = True
126.8622 	EXP 	unnamed TextStim: text = 'SELF'
126.8622 	EXP 	unnamed TextStim: height = 0.7
126.8622 	EXP 	unnamed TextStim: height = 0.7
126.8622 	EXP 	unnamed TextStim: height = 0.7
126.8622 	EXP 	unnamed TextStim: text = 'outgoing'
126.8622 	EXP 	unnamed TextStim: autoDraw = True
127.5661 	DATA 	Keypress: r
127.5688 	EXP 	unnamed TextStim: autoDraw = True
129.1590 	EXP 	unnamed TextStim: height = 0.7
129.1590 	EXP 	unnamed TextStim: height = 0.7
129.1590 	EXP 	unnamed TextStim: height = 0.7
129.1590 	EXP 	unnamed TextStim: text = 'UPPERCASE'
129.1590 	EXP 	unnamed TextStim: height = 0.7
129.1590 	EXP 	unnamed TextStim: height = 0.7
129.1590 	EXP 	unnamed TextStim: height = 0.7
129.1590 	EXP 	unnamed TextStim: text = 'SOFT-SPOKEN'
129.1590 	EXP 	unnamed TextStim: autoDraw = True
130.5429 	DATA 	Keypress: g
130.5543 	EXP 	unnamed TextStim: autoDraw = True
132.4595 	EXP 	unnamed TextStim: height = 0.7
132.4595 	EXP 	unnamed TextStim: height = 0.7
132.4595 	EXP 	unnamed TextStim: height = 0.7
132.4595 	EXP 	unnamed TextStim: text = 'OBAMA'
132.4595 	EXP 	unnamed TextStim: height = 0.7
132.4595 	EXP 	unnamed TextStim: height = 0.7
132.4595 	EXP 	unnamed TextStim: height = 0.7
132.4595 	EXP 	unnamed TextStim: text = 'independent'
132.4595 	EXP 	unnamed TextStim: autoDraw = True
132.9451 	DATA 	Keypress: r
132.9478 	EXP 	unnamed TextStim: autoDraw = True
136.9645 	EXP 	unnamed TextStim: text = 'OBAMA'
136.9645 	EXP 	unnamed TextStim: height = 0.7
136.9645 	EXP 	unnamed TextStim: height = 0.7
136.9645 	EXP 	unnamed TextStim: height = 0.7
136.9645 	EXP 	unnamed TextStim: text = 'polite'
136.9645 	EXP 	unnamed TextStim: autoDraw = True
137.6715 	DATA 	Keypress: g
137.6739 	EXP 	unnamed TextStim: autoDraw = True
140.4601 	EXP 	unnamed TextStim: height = 0.7
140.4601 	EXP 	unnamed TextStim: height = 0.7
140.4601 	EXP 	unnamed TextStim: height = 0.7
140.4601 	EXP 	unnamed TextStim: text = 'SELF'
140.4601 	EXP 	unnamed TextStim: height = 0.7
140.4601 	EXP 	unnamed TextStim: height = 0.7
140.4601 	EXP 	unnamed TextStim: height = 0.7
140.4601 	EXP 	unnamed TextStim: text = 'ordinary'
140.4601 	EXP 	unnamed TextStim: autoDraw = True
140.9812 	DATA 	Keypress: r
140.9841 	EXP 	unnamed TextStim: autoDraw = True
144.1634 	EXP 	unnamed TextStim: text = 'SELF'
144.1634 	EXP 	unnamed TextStim: height = 0.7
144.1634 	EXP 	unnamed TextStim: height = 0.7
144.1634 	EXP 	unnamed TextStim: height = 0.7
144.1634 	EXP 	unnamed TextStim: text = 'misfit'
144.1634 	EXP 	unnamed TextStim: autoDraw = True
144.6334 	DATA 	Keypress: r
144.6362 	EXP 	unnamed TextStim: autoDraw = True
149.3652 	EXP 	unnamed TextStim: height = 0.7
149.3652 	EXP 	unnamed TextStim: height = 0.7
149.3652 	EXP 	unnamed TextStim: height = 0.7
149.3652 	EXP 	unnamed TextStim: text = 'UPPERCASE'
149.3652 	EXP 	unnamed TextStim: height = 0.7
149.3652 	EXP 	unnamed TextStim: height = 0.7
149.3652 	EXP 	unnamed TextStim: height = 0.7
149.3652 	EXP 	unnamed TextStim: text = 'OPPORTUNIST'
149.3652 	EXP 	unnamed TextStim: autoDraw = True
150.3292 	DATA 	Keypress: g
150.3319 	EXP 	unnamed TextStim: autoDraw = True
155.4654 	EXP 	unnamed TextStim: text = 'UPPERCASE'
155.4654 	EXP 	unnamed TextStim: height = 0.7
155.4654 	EXP 	unnamed TextStim: height = 0.7
155.4654 	EXP 	unnamed TextStim: height = 0.7
155.4654 	EXP 	unnamed TextStim: text = 'rebellious'
155.4654 	EXP 	unnamed TextStim: autoDraw = True
156.3778 	DATA 	Keypress: r
156.3808 	EXP 	unnamed TextStim: autoDraw = True
159.2603 	EXP 	unnamed TextStim: height = 0.7
159.2603 	EXP 	unnamed TextStim: height = 0.7
159.2603 	EXP 	unnamed TextStim: height = 0.7
159.2603 	EXP 	unnamed TextStim: text = 'OBAMA'
159.2603 	EXP 	unnamed TextStim: height = 0.7
159.2603 	EXP 	unnamed TextStim: height = 0.7
159.2603 	EXP 	unnamed TextStim: height = 0.7
159.2603 	EXP 	unnamed TextStim: text = 'unforgiving'
159.2603 	EXP 	unnamed TextStim: autoDraw = True
159.8053 	DATA 	Keypress: r
159.8083 	EXP 	unnamed TextStim: autoDraw = True
161.6649 	EXP 	unnamed TextStim: height = 0.7
161.6649 	EXP 	unnamed TextStim: height = 0.7
161.6649 	EXP 	unnamed TextStim: height = 0.7
161.6649 	EXP 	unnamed TextStim: text = 'SELF'
161.6649 	EXP 	unnamed TextStim: height = 0.7
161.6649 	EXP 	unnamed TextStim: height = 0.7
161.6649 	EXP 	unnamed TextStim: height = 0.7
161.6649 	EXP 	unnamed TextStim: text = 'open-minded'
161.6649 	EXP 	unnamed TextStim: autoDraw = True
162.3469 	DATA 	Keypress: r
162.3491 	EXP 	unnamed TextStim: autoDraw = True
164.3599 	EXP 	unnamed TextStim: height = 0.7
164.3599 	EXP 	unnamed TextStim: height = 0.7
164.3599 	EXP 	unnamed TextStim: height = 0.7
164.3599 	EXP 	unnamed TextStim: text = 'UPPERCASE'
164.3599 	EXP 	unnamed TextStim: height = 0.7
164.3599 	EXP 	unnamed TextStim: height = 0.7
164.3599 	EXP 	unnamed TextStim: height = 0.7
164.3599 	EXP 	unnamed TextStim: text = 'impractical'
164.3599 	EXP 	unnamed TextStim: autoDraw = True
165.1581 	DATA 	Keypress: r
165.1603 	EXP 	unnamed TextStim: autoDraw = True
169.5667 	EXP 	unnamed TextStim: text = 'UPPERCASE'
169.5667 	EXP 	unnamed TextStim: height = 0.7
169.5667 	EXP 	unnamed TextStim: height = 0.7
169.5667 	EXP 	unnamed TextStim: height = 0.7
169.5667 	EXP 	unnamed TextStim: text = 'NEGLECTFUL'
169.5667 	EXP 	unnamed TextStim: autoDraw = True
170.4192 	DATA 	Keypress: g
170.4217 	EXP 	unnamed TextStim: autoDraw = True
173.2623 	EXP 	unnamed TextStim: height = 0.7
173.2623 	EXP 	unnamed TextStim: height = 0.7
173.2623 	EXP 	unnamed TextStim: height = 0.7
173.2623 	EXP 	unnamed TextStim: text = 'OBAMA'
173.2623 	EXP 	unnamed TextStim: height = 0.7
173.2623 	EXP 	unnamed TextStim: height = 0.7
173.2623 	EXP 	unnamed TextStim: height = 0.7
173.2623 	EXP 	unnamed TextStim: text = 'deliberate'
173.2623 	EXP 	unnamed TextStim: autoDraw = True
173.9091 	DATA 	Keypress: r
173.9118 	EXP 	unnamed TextStim: autoDraw = True
177.0633 	EXP 	unnamed TextStim: text = 'OBAMA'
177.0633 	EXP 	unnamed TextStim: height = 0.7
177.0633 	EXP 	unnamed TextStim: height = 0.7
177.0633 	EXP 	unnamed TextStim: height = 0.7
177.0633 	EXP 	unnamed TextStim: text = 'disagreeable'
177.0633 	EXP 	unnamed TextStim: autoDraw = True
177.6931 	DATA 	Keypress: g
177.6955 	EXP 	unnamed TextStim: autoDraw = True
181.7626 	EXP 	unnamed TextStim: height = 0.7
181.7626 	EXP 	unnamed TextStim: height = 0.7
181.7626 	EXP 	unnamed TextStim: height = 0.7
181.7626 	EXP 	unnamed TextStim: text = 'SELF'
181.7626 	EXP 	unnamed TextStim: height = 0.7
181.7626 	EXP 	unnamed TextStim: height = 0.7
181.7626 	EXP 	unnamed TextStim: height = 0.7
181.7626 	EXP 	unnamed TextStim: text = 'irresponsible'
181.7626 	EXP 	unnamed TextStim: autoDraw = True
182.2064 	DATA 	Keypress: r
182.2094 	EXP 	unnamed TextStim: autoDraw = True
185.9629 	EXP 	unnamed TextStim: text = 'SELF'
185.9629 	EXP 	unnamed TextStim: height = 0.7
185.9629 	EXP 	unnamed TextStim: height = 0.7
185.9629 	EXP 	unnamed TextStim: height = 0.7
185.9629 	EXP 	unnamed TextStim: text = 'rational'
185.9629 	EXP 	unnamed TextStim: autoDraw = True
186.5236 	DATA 	Keypress: r
186.5265 	EXP 	unnamed TextStim: autoDraw = True
191.1648 	EXP 	unnamed TextStim: height = 0.7
191.1648 	EXP 	unnamed TextStim: height = 0.7
191.1648 	EXP 	unnamed TextStim: height = 0.7
191.1648 	EXP 	unnamed TextStim: text = 'OBAMA'
191.1648 	EXP 	unnamed TextStim: height = 0.7
191.1648 	EXP 	unnamed TextStim: height = 0.7
191.1648 	EXP 	unnamed TextStim: height = 0.7
191.1648 	EXP 	unnamed TextStim: text = 'cordial'
191.1648 	EXP 	unnamed TextStim: autoDraw = True
191.7899 	DATA 	Keypress: r
191.7927 	EXP 	unnamed TextStim: autoDraw = True
193.4622 	EXP 	unnamed TextStim: text = 'OBAMA'
193.4622 	EXP 	unnamed TextStim: height = 0.7
193.4622 	EXP 	unnamed TextStim: height = 0.7
193.4622 	EXP 	unnamed TextStim: height = 0.7
193.4622 	EXP 	unnamed TextStim: text = 'unsociable'
193.4622 	EXP 	unnamed TextStim: autoDraw = True
194.1129 	DATA 	Keypress: g
194.1146 	EXP 	unnamed TextStim: autoDraw = True
197.4648 	EXP 	unnamed TextStim: height = 0.7
197.4648 	EXP 	unnamed TextStim: height = 0.7
197.4648 	EXP 	unnamed TextStim: height = 0.7
197.4648 	EXP 	unnamed TextStim: text = 'SELF'
197.4648 	EXP 	unnamed TextStim: height = 0.7
197.4648 	EXP 	unnamed TextStim: height = 0.7
197.4648 	EXP 	unnamed TextStim: height = 0.7
197.4648 	EXP 	unnamed TextStim: text = 'reasonable'
197.4648 	EXP 	unnamed TextStim: autoDraw = True
197.9686 	DATA 	Keypress: r
197.9711 	EXP 	unnamed TextStim: autoDraw = True
199.4592 	EXP 	unnamed TextStim: height = 0.7
199.4592 	EXP 	unnamed TextStim: height = 0.7
199.4592 	EXP 	unnamed TextStim: height = 0.7
199.4592 	EXP 	unnamed TextStim: text = 'OBAMA'
199.4592 	EXP 	unnamed TextStim: height = 0.7
199.4592 	EXP 	unnamed TextStim: height = 0.7
199.4592 	EXP 	unnamed TextStim: height = 0.7
199.4592 	EXP 	unnamed TextStim: text = 'dignified'
199.4592 	EXP 	unnamed TextStim: autoDraw = True
199.9653 	DATA 	Keypress: g
199.9670 	EXP 	unnamed TextStim: autoDraw = True
203.7636 	EXP 	unnamed TextStim: height = 0.7
203.7636 	EXP 	unnamed TextStim: height = 0.7
203.7636 	EXP 	unnamed TextStim: height = 0.7
203.7636 	EXP 	unnamed TextStim: text = 'UPPERCASE'
203.7636 	EXP 	unnamed TextStim: height = 0.7
203.7636 	EXP 	unnamed TextStim: height = 0.7
203.7636 	EXP 	unnamed TextStim: height = 0.7
203.7636 	EXP 	unnamed TextStim: text = 'rude'
203.7636 	EXP 	unnamed TextStim: autoDraw = True
204.5749 	DATA 	Keypress: r
204.5773 	EXP 	unnamed TextStim: autoDraw = True
205.7578 	EXP 	unnamed TextStim: height = 0.7
205.7578 	EXP 	unnamed TextStim: height = 0.7
205.7578 	EXP 	unnamed TextStim: height = 0.7
205.7578 	EXP 	unnamed TextStim: text = 'OBAMA'
205.7578 	EXP 	unnamed TextStim: height = 0.7
205.7578 	EXP 	unnamed TextStim: height = 0.7
205.7578 	EXP 	unnamed TextStim: height = 0.7
205.7578 	EXP 	unnamed TextStim: text = 'quiet'
205.7578 	EXP 	unnamed TextStim: autoDraw = True
206.7898 	DATA 	Keypress: r
206.7924 	EXP 	unnamed TextStim: autoDraw = True
207.7502 	EXP 	unnamed TextStim: height = 0.7
207.7502 	EXP 	unnamed TextStim: height = 0.7
207.7502 	EXP 	unnamed TextStim: height = 0.7
207.7502 	EXP 	unnamed TextStim: text = 'UPPERCASE'
207.7502 	EXP 	unnamed TextStim: height = 0.7
207.7502 	EXP 	unnamed TextStim: height = 0.7
207.7502 	EXP 	unnamed TextStim: height = 0.7
207.7502 	EXP 	unnamed TextStim: text = 'OBNOXIOUS'
207.7502 	EXP 	unnamed TextStim: autoDraw = True
208.5057 	DATA 	Keypress: g
208.5079 	EXP 	unnamed TextStim: autoDraw = True
213.6644 	EXP 	unnamed TextStim: height = 0.7
213.6644 	EXP 	unnamed TextStim: height = 0.7
213.6644 	EXP 	unnamed TextStim: height = 0.7
213.6644 	EXP 	unnamed TextStim: text = 'OBAMA'
213.6644 	EXP 	unnamed TextStim: height = 0.7
213.6644 	EXP 	unnamed TextStim: height = 0.7
213.6644 	EXP 	unnamed TextStim: height = 0.7
213.6644 	EXP 	unnamed TextStim: text = 'conventional'
213.6644 	EXP 	unnamed TextStim: autoDraw = True
214.2328 	DATA 	Keypress: r
214.2357 	EXP 	unnamed TextStim: autoDraw = True
215.9616 	EXP 	unnamed TextStim: height = 0.7
215.9616 	EXP 	unnamed TextStim: height = 0.7
215.9616 	EXP 	unnamed TextStim: height = 0.7
215.9616 	EXP 	unnamed TextStim: text = 'SELF'
215.9616 	EXP 	unnamed TextStim: height = 0.7
215.9616 	EXP 	unnamed TextStim: height = 0.7
215.9616 	EXP 	unnamed TextStim: height = 0.7
215.9616 	EXP 	unnamed TextStim: text = 'moody'
215.9616 	EXP 	unnamed TextStim: autoDraw = True
216.5067 	DATA 	Keypress: r
216.5096 	EXP 	unnamed TextStim: autoDraw = True
222.2624 	EXP 	unnamed TextStim: height = 0.7
222.2624 	EXP 	unnamed TextStim: height = 0.7
222.2624 	EXP 	unnamed TextStim: height = 0.7
222.2624 	EXP 	unnamed TextStim: text = 'UPPERCASE'
222.2624 	EXP 	unnamed TextStim: height = 0.7
222.2624 	EXP 	unnamed TextStim: height = 0.7
222.2624 	EXP 	unnamed TextStim: height = 0.7
222.2624 	EXP 	unnamed TextStim: text = 'proficient'
222.2624 	EXP 	unnamed TextStim: autoDraw = True
223.1168 	DATA 	Keypress: r
223.1193 	EXP 	unnamed TextStim: autoDraw = True
228.8656 	EXP 	unnamed TextStim: text = 'UPPERCASE'
228.8656 	EXP 	unnamed TextStim: height = 0.7
228.8656 	EXP 	unnamed TextStim: height = 0.7
228.8656 	EXP 	unnamed TextStim: height = 0.7
228.8656 	EXP 	unnamed TextStim: text = 'sad'
228.8656 	EXP 	unnamed TextStim: autoDraw = True
229.6047 	DATA 	Keypress: r
229.6075 	EXP 	unnamed TextStim: autoDraw = True
231.5640 	EXP 	unnamed TextStim: text = 'UPPERCASE'
231.5640 	EXP 	unnamed TextStim: height = 0.7
231.5640 	EXP 	unnamed TextStim: height = 0.7
231.5640 	EXP 	unnamed TextStim: height = 0.7
231.5640 	EXP 	unnamed TextStim: text = 'cunning'
231.5640 	EXP 	unnamed TextStim: autoDraw = True
232.3941 	DATA 	Keypress: r
232.3962 	EXP 	unnamed TextStim: autoDraw = True
237.6618 	EXP 	unnamed TextStim: text = 'UPPERCASE'
237.6618 	EXP 	unnamed TextStim: height = 0.7
237.6618 	EXP 	unnamed TextStim: height = 0.7
237.6618 	EXP 	unnamed TextStim: height = 0.7
237.6618 	EXP 	unnamed TextStim: text = 'TALENTED'
237.6618 	EXP 	unnamed TextStim: autoDraw = True
238.5285 	DATA 	Keypress: g
238.5315 	EXP 	unnamed TextStim: autoDraw = True
239.6573 	EXP 	unnamed TextStim: text = 'UPPERCASE'
239.6573 	EXP 	unnamed TextStim: height = 0.7
239.6573 	EXP 	unnamed TextStim: height = 0.7
239.6573 	EXP 	unnamed TextStim: height = 0.7
239.6573 	EXP 	unnamed TextStim: text = 'bragging'
239.6573 	EXP 	unnamed TextStim: autoDraw = True
240.3049 	DATA 	Keypress: r
240.3075 	EXP 	unnamed TextStim: autoDraw = True
244.3603 	EXP 	unnamed TextStim: text = 'UPPERCASE'
244.3603 	EXP 	unnamed TextStim: height = 0.7
244.3603 	EXP 	unnamed TextStim: height = 0.7
244.3603 	EXP 	unnamed TextStim: height = 0.7
244.3603 	EXP 	unnamed TextStim: text = 'SOLEMN'
244.3603 	EXP 	unnamed TextStim: autoDraw = True
245.3444 	DATA 	Keypress: g
245.3475 	EXP 	unnamed TextStim: autoDraw = True
246.9598 	EXP 	unnamed TextStim: text = 'UPPERCASE'
246.9598 	EXP 	unnamed TextStim: height = 0.7
246.9598 	EXP 	unnamed TextStim: height = 0.7
246.9598 	EXP 	unnamed TextStim: height = 0.7
246.9598 	EXP 	unnamed TextStim: text = 'UNTRUSTWORTHY'
246.9598 	EXP 	unnamed TextStim: autoDraw = True
248.0407 	DATA 	Keypress: g
248.0457 	EXP 	unnamed TextStim: autoDraw = True
252.5658 	EXP 	unnamed TextStim: height = 0.7
252.5658 	EXP 	unnamed TextStim: height = 0.7
252.5658 	EXP 	unnamed TextStim: height = 0.7
252.5658 	EXP 	unnamed TextStim: text = 'OBAMA'
252.5658 	EXP 	unnamed TextStim: height = 0.7
252.5658 	EXP 	unnamed TextStim: height = 0.7
252.5658 	EXP 	unnamed TextStim: height = 0.7
252.5658 	EXP 	unnamed TextStim: text = 'purposeless'
252.5658 	EXP 	unnamed TextStim: autoDraw = True
253.1798 	DATA 	Keypress: r
253.1824 	EXP 	unnamed TextStim: autoDraw = True
254.8584 	EXP 	unnamed TextStim: text = 'OBAMA'
254.8584 	EXP 	unnamed TextStim: height = 0.7
254.8584 	EXP 	unnamed TextStim: height = 0.7
254.8584 	EXP 	unnamed TextStim: height = 0.7
254.8584 	EXP 	unnamed TextStim: text = 'daredevil'
254.8584 	EXP 	unnamed TextStim: autoDraw = True
255.4294 	DATA 	Keypress: r
255.4319 	EXP 	unnamed TextStim: autoDraw = True
257.1598 	EXP 	unnamed TextStim: height = 0.7
257.1598 	EXP 	unnamed TextStim: height = 0.7
257.1598 	EXP 	unnamed TextStim: height = 0.7
257.1598 	EXP 	unnamed TextStim: text = 'UPPERCASE'
257.1598 	EXP 	unnamed TextStim: height = 0.7
257.1598 	EXP 	unnamed TextStim: height = 0.7
257.1598 	EXP 	unnamed TextStim: height = 0.7
257.1598 	EXP 	unnamed TextStim: text = 'self-confident'
257.1598 	EXP 	unnamed TextStim: autoDraw = True
257.9786 	DATA 	Keypress: r
257.9807 	EXP 	unnamed TextStim: autoDraw = True
260.2612 	EXP 	unnamed TextStim: height = 0.7
260.2612 	EXP 	unnamed TextStim: height = 0.7
260.2612 	EXP 	unnamed TextStim: height = 0.7
260.2612 	EXP 	unnamed TextStim: text = 'OBAMA'
260.2612 	EXP 	unnamed TextStim: height = 0.7
260.2612 	EXP 	unnamed TextStim: height = 0.7
260.2612 	EXP 	unnamed TextStim: height = 0.7
260.2612 	EXP 	unnamed TextStim: text = 'cautious'
260.2612 	EXP 	unnamed TextStim: autoDraw = True
261.1331 	DATA 	Keypress: g
261.1356 	EXP 	unnamed TextStim: autoDraw = True
266.2633 	EXP 	unnamed TextStim: text = 'OBAMA'
266.2633 	EXP 	unnamed TextStim: height = 0.7
266.2633 	EXP 	unnamed TextStim: height = 0.7
266.2633 	EXP 	unnamed TextStim: height = 0.7
266.2633 	EXP 	unnamed TextStim: text = 'tiresome'
266.2633 	EXP 	unnamed TextStim: autoDraw = True
266.8721 	DATA 	Keypress: r
266.8747 	EXP 	unnamed TextStim: autoDraw = True
268.9597 	EXP 	unnamed TextStim: text = 'OBAMA'
268.9597 	EXP 	unnamed TextStim: height = 0.7
268.9597 	EXP 	unnamed TextStim: height = 0.7
268.9597 	EXP 	unnamed TextStim: height = 0.7
268.9597 	EXP 	unnamed TextStim: text = 'rash'
268.9597 	EXP 	unnamed TextStim: autoDraw = True
269.4944 	DATA 	Keypress: r
269.4971 	EXP 	unnamed TextStim: autoDraw = True
271.1594 	EXP 	unnamed TextStim: height = 0.7
271.1594 	EXP 	unnamed TextStim: height = 0.7
271.1594 	EXP 	unnamed TextStim: height = 0.7
271.1594 	EXP 	unnamed TextStim: text = 'UPPERCASE'
271.1594 	EXP 	unnamed TextStim: height = 0.7
271.1594 	EXP 	unnamed TextStim: height = 0.7
271.1594 	EXP 	unnamed TextStim: height = 0.7
271.1594 	EXP 	unnamed TextStim: text = 'CONFORMING'
271.1594 	EXP 	unnamed TextStim: autoDraw = True
271.8340 	DATA 	Keypress: g
271.8361 	EXP 	unnamed TextStim: autoDraw = True
274.3609 	EXP 	unnamed TextStim: text = 'UPPERCASE'
274.3609 	EXP 	unnamed TextStim: height = 0.7
274.3609 	EXP 	unnamed TextStim: height = 0.7
274.3609 	EXP 	unnamed TextStim: height = 0.7
274.3609 	EXP 	unnamed TextStim: text = 'lazy'
274.3609 	EXP 	unnamed TextStim: autoDraw = True
275.2026 	DATA 	Keypress: r
275.2056 	EXP 	unnamed TextStim: autoDraw = True
280.2652 	EXP 	unnamed TextStim: height = 0.7
280.2652 	EXP 	unnamed TextStim: height = 0.7
280.2652 	EXP 	unnamed TextStim: height = 0.7
280.2652 	EXP 	unnamed TextStim: text = 'SELF'
280.2652 	EXP 	unnamed TextStim: height = 0.7
280.2652 	EXP 	unnamed TextStim: height = 0.7
280.2652 	EXP 	unnamed TextStim: height = 0.7
280.2652 	EXP 	unnamed TextStim: text = 'clownish'
280.2652 	EXP 	unnamed TextStim: autoDraw = True
280.7351 	DATA 	Keypress: r
280.7384 	EXP 	unnamed TextStim: autoDraw = True
284.9626 	EXP 	unnamed TextStim: height = 0.7
284.9626 	EXP 	unnamed TextStim: height = 0.7
284.9626 	EXP 	unnamed TextStim: height = 0.7
284.9626 	EXP 	unnamed TextStim: text = 'UPPERCASE'
284.9626 	EXP 	unnamed TextStim: height = 0.7
284.9626 	EXP 	unnamed TextStim: height = 0.7
284.9626 	EXP 	unnamed TextStim: height = 0.7
284.9626 	EXP 	unnamed TextStim: text = 'IMMODEST'
284.9626 	EXP 	unnamed TextStim: autoDraw = True
285.7782 	DATA 	Keypress: g
285.7811 	EXP 	unnamed TextStim: autoDraw = True
291.9620 	EXP 	unnamed TextStim: height = 0.7
291.9620 	EXP 	unnamed TextStim: height = 0.7
291.9620 	EXP 	unnamed TextStim: height = 0.7
291.9620 	EXP 	unnamed TextStim: text = 'SELF'
291.9620 	EXP 	unnamed TextStim: height = 0.7
291.9620 	EXP 	unnamed TextStim: height = 0.7
291.9620 	EXP 	unnamed TextStim: height = 0.7
291.9620 	EXP 	unnamed TextStim: text = 'lively'
291.9620 	EXP 	unnamed TextStim: autoDraw = True
292.5000 	DATA 	Keypress: r
292.5028 	EXP 	unnamed TextStim: autoDraw = True
298.0621 	EXP 	unnamed TextStim: text = 'SELF'
298.0621 	EXP 	unnamed TextStim: height = 0.7
298.0621 	EXP 	unnamed TextStim: height = 0.7
298.0621 	EXP 	unnamed TextStim: height = 0.7
298.0621 	EXP 	unnamed TextStim: text = 'wordy'
298.0621 	EXP 	unnamed TextStim: autoDraw = True
298.6899 	DATA 	Keypress: r
298.6926 	EXP 	unnamed TextStim: autoDraw = True
300.5597 	EXP 	unnamed TextStim: text = 'SELF'
300.5597 	EXP 	unnamed TextStim: height = 0.7
300.5597 	EXP 	unnamed TextStim: height = 0.7
300.5597 	EXP 	unnamed TextStim: height = 0.7
300.5597 	EXP 	unnamed TextStim: text = 'uncivil'
300.5597 	EXP 	unnamed TextStim: autoDraw = True
301.4248 	DATA 	Keypress: r
301.4271 	EXP 	unnamed TextStim: autoDraw = True
302.5497 	EXP 	unnamed TextStim: text = 'SELF'
302.5497 	EXP 	unnamed TextStim: height = 0.7
302.5497 	EXP 	unnamed TextStim: height = 0.7
302.5497 	EXP 	unnamed TextStim: height = 0.7
302.5497 	EXP 	unnamed TextStim: text = 'insecure'
302.5497 	EXP 	unnamed TextStim: autoDraw = True
303.1735 	DATA 	Keypress: g
303.1763 	EXP 	unnamed TextStim: autoDraw = True
304.5597 	EXP 	unnamed TextStim: height = 0.7
304.5597 	EXP 	unnamed TextStim: height = 0.7
304.5597 	EXP 	unnamed TextStim: height = 0.7
304.5597 	EXP 	unnamed TextStim: text = 'OBAMA'
304.5597 	EXP 	unnamed TextStim: height = 0.7
304.5597 	EXP 	unnamed TextStim: height = 0.7
304.5597 	EXP 	unnamed TextStim: height = 0.7
304.5597 	EXP 	unnamed TextStim: text = 'nervous'
304.5597 	EXP 	unnamed TextStim: autoDraw = True
305.1410 	DATA 	Keypress: r
305.1435 	EXP 	unnamed TextStim: autoDraw = True
309.7608 	EXP 	unnamed TextStim: height = 0.7
309.7608 	EXP 	unnamed TextStim: height = 0.7
309.7608 	EXP 	unnamed TextStim: height = 0.7
309.7608 	EXP 	unnamed TextStim: text = 'UPPERCASE'
309.7608 	EXP 	unnamed TextStim: height = 0.7
309.7608 	EXP 	unnamed TextStim: height = 0.7
309.7608 	EXP 	unnamed TextStim: height = 0.7
309.7608 	EXP 	unnamed TextStim: text = 'original'
309.7608 	EXP 	unnamed TextStim: autoDraw = True
310.5858 	DATA 	Keypress: r
310.5884 	EXP 	unnamed TextStim: autoDraw = True
315.1632 	EXP 	unnamed TextStim: text = 'UPPERCASE'
315.1632 	EXP 	unnamed TextStim: height = 0.7
315.1632 	EXP 	unnamed TextStim: height = 0.7
315.1632 	EXP 	unnamed TextStim: height = 0.7
315.1632 	EXP 	unnamed TextStim: text = 'CLEVER'
315.1632 	EXP 	unnamed TextStim: autoDraw = True
316.0332 	DATA 	Keypress: g
316.0357 	EXP 	unnamed TextStim: autoDraw = True
317.1533 	EXP 	unnamed TextStim: text = 'UPPERCASE'
317.1533 	EXP 	unnamed TextStim: height = 0.7
317.1533 	EXP 	unnamed TextStim: height = 0.7
317.1533 	EXP 	unnamed TextStim: height = 0.7
317.1533 	EXP 	unnamed TextStim: text = 'sly'
317.1533 	EXP 	unnamed TextStim: autoDraw = True
318.0362 	DATA 	Keypress: r
318.0380 	EXP 	unnamed TextStim: autoDraw = True
319.4572 	EXP 	unnamed TextStim: text = 'UPPERCASE'
319.4572 	EXP 	unnamed TextStim: height = 0.7
319.4572 	EXP 	unnamed TextStim: height = 0.7
319.4572 	EXP 	unnamed TextStim: height = 0.7
319.4572 	EXP 	unnamed TextStim: text = 'unreasonable'
319.4572 	EXP 	unnamed TextStim: autoDraw = True
320.8025 	DATA 	Keypress: r
320.8145 	EXP 	unnamed TextStim: autoDraw = True
325.6619 	EXP 	unnamed TextStim: height = 0.7
325.6619 	EXP 	unnamed TextStim: height = 0.7
325.6619 	EXP 	unnamed TextStim: height = 0.7
325.6619 	EXP 	unnamed TextStim: text = 'OBAMA'
325.6619 	EXP 	unnamed TextStim: height = 0.7
325.6619 	EXP 	unnamed TextStim: height = 0.7
325.6619 	EXP 	unnamed TextStim: height = 0.7
325.6619 	EXP 	unnamed TextStim: text = 'discriminating'
325.6619 	EXP 	unnamed TextStim: autoDraw = True
326.3026 	DATA 	Keypress: r
326.3058 	EXP 	unnamed TextStim: autoDraw = True
327.9607 	EXP 	unnamed TextStim: text = 'OBAMA'
327.9607 	EXP 	unnamed TextStim: height = 0.7
327.9607 	EXP 	unnamed TextStim: height = 0.7
327.9607 	EXP 	unnamed TextStim: height = 0.7
327.9607 	EXP 	unnamed TextStim: text = 'nosey'
327.9607 	EXP 	unnamed TextStim: autoDraw = True
328.5852 	DATA 	Keypress: g
328.5878 	EXP 	unnamed TextStim: autoDraw = True
333.7651 	EXP 	unnamed TextStim: text = 'OBAMA'
333.7651 	EXP 	unnamed TextStim: height = 0.7
333.7651 	EXP 	unnamed TextStim: height = 0.7
333.7651 	EXP 	unnamed TextStim: height = 0.7
333.7651 	EXP 	unnamed TextStim: text = 'humble'
333.7651 	EXP 	unnamed TextStim: autoDraw = True
334.3408 	DATA 	Keypress: r
334.3432 	EXP 	unnamed TextStim: autoDraw = True
336.3620 	EXP 	unnamed TextStim: text = 'OBAMA'
336.3620 	EXP 	unnamed TextStim: height = 0.7
336.3620 	EXP 	unnamed TextStim: height = 0.7
336.3620 	EXP 	unnamed TextStim: height = 0.7
336.3620 	EXP 	unnamed TextStim: text = 'logical'
336.3620 	EXP 	unnamed TextStim: autoDraw = True
337.1189 	DATA 	Keypress: r
337.1218 	EXP 	unnamed TextStim: autoDraw = True
341.2644 	EXP 	unnamed TextStim: height = 0.7
341.2644 	EXP 	unnamed TextStim: height = 0.7
341.2644 	EXP 	unnamed TextStim: height = 0.7
341.2644 	EXP 	unnamed TextStim: text = 'UPPERCASE'
341.2644 	EXP 	unnamed TextStim: height = 0.7
341.2644 	EXP 	unnamed TextStim: height = 0.7
341.2644 	EXP 	unnamed TextStim: height = 0.7
341.2644 	EXP 	unnamed TextStim: text = 'deceptive'
341.2644 	EXP 	unnamed TextStim: autoDraw = True
342.1055 	DATA 	Keypress: r
342.1081 	EXP 	unnamed TextStim: autoDraw = True
344.5599 	EXP 	unnamed TextStim: text = 'UPPERCASE'
344.5599 	EXP 	unnamed TextStim: height = 0.7
344.5599 	EXP 	unnamed TextStim: height = 0.7
344.5599 	EXP 	unnamed TextStim: height = 0.7
344.5599 	EXP 	unnamed TextStim: text = 'INQUISITIVE'
344.5599 	EXP 	unnamed TextStim: autoDraw = True
345.3448 	DATA 	Keypress: g
345.3474 	EXP 	unnamed TextStim: autoDraw = True
347.0594 	EXP 	unnamed TextStim: height = 0.7
347.0594 	EXP 	unnamed TextStim: height = 0.7
347.0594 	EXP 	unnamed TextStim: height = 0.7
347.0594 	EXP 	unnamed TextStim: text = 'SELF'
347.0594 	EXP 	unnamed TextStim: height = 0.7
347.0594 	EXP 	unnamed TextStim: height = 0.7
347.0594 	EXP 	unnamed TextStim: height = 0.7
347.0594 	EXP 	unnamed TextStim: text = 'theatrical'
347.0594 	EXP 	unnamed TextStim: autoDraw = True
347.6615 	DATA 	Keypress: r
347.6641 	EXP 	unnamed TextStim: autoDraw = True
350.0598 	EXP 	unnamed TextStim: text = 'SELF'
350.0598 	EXP 	unnamed TextStim: height = 0.7
350.0598 	EXP 	unnamed TextStim: height = 0.7
350.0598 	EXP 	unnamed TextStim: height = 0.7
350.0598 	EXP 	unnamed TextStim: text = 'thorough'
350.0598 	EXP 	unnamed TextStim: autoDraw = True
350.6775 	DATA 	Keypress: r
350.6804 	EXP 	unnamed TextStim: autoDraw = True
355.3648 	EXP 	unnamed TextStim: height = 0.7
355.3648 	EXP 	unnamed TextStim: height = 0.7
355.3648 	EXP 	unnamed TextStim: height = 0.7
355.3648 	EXP 	unnamed TextStim: text = 'OBAMA'
355.3648 	EXP 	unnamed TextStim: height = 0.7
355.3648 	EXP 	unnamed TextStim: height = 0.7
355.3648 	EXP 	unnamed TextStim: height = 0.7
355.3648 	EXP 	unnamed TextStim: text = 'truthful'
355.3648 	EXP 	unnamed TextStim: autoDraw = True
355.9216 	DATA 	Keypress: r
355.9247 	EXP 	unnamed TextStim: autoDraw = True
359.7610 	EXP 	unnamed TextStim: height = 0.7
359.7610 	EXP 	unnamed TextStim: height = 0.7
359.7610 	EXP 	unnamed TextStim: height = 0.7
359.7610 	EXP 	unnamed TextStim: text = 'UPPERCASE'
359.7610 	EXP 	unnamed TextStim: height = 0.7
359.7610 	EXP 	unnamed TextStim: height = 0.7
359.7610 	EXP 	unnamed TextStim: height = 0.7
359.7610 	EXP 	unnamed TextStim: text = 'companionable'
359.7610 	EXP 	unnamed TextStim: autoDraw = True
360.5992 	DATA 	Keypress: r
360.6017 	EXP 	unnamed TextStim: autoDraw = True
361.7583 	EXP 	unnamed TextStim: height = 0.7
361.7583 	EXP 	unnamed TextStim: height = 0.7
361.7583 	EXP 	unnamed TextStim: height = 0.7
361.7583 	EXP 	unnamed TextStim: text = 'SELF'
361.7583 	EXP 	unnamed TextStim: height = 0.7
361.7583 	EXP 	unnamed TextStim: height = 0.7
361.7583 	EXP 	unnamed TextStim: height = 0.7
361.7583 	EXP 	unnamed TextStim: text = 'fashionable'
361.7583 	EXP 	unnamed TextStim: autoDraw = True
362.4674 	DATA 	Keypress: g
362.4699 	EXP 	unnamed TextStim: autoDraw = True
367.8626 	EXP 	unnamed TextStim: height = 0.7
367.8626 	EXP 	unnamed TextStim: height = 0.7
367.8626 	EXP 	unnamed TextStim: height = 0.7
367.8626 	EXP 	unnamed TextStim: text = 'UPPERCASE'
367.8626 	EXP 	unnamed TextStim: height = 0.7
367.8626 	EXP 	unnamed TextStim: height = 0.7
367.8626 	EXP 	unnamed TextStim: height = 0.7
367.8626 	EXP 	unnamed TextStim: text = 'extravagant'
367.8626 	EXP 	unnamed TextStim: autoDraw = True
368.7373 	DATA 	Keypress: r
368.7403 	EXP 	unnamed TextStim: autoDraw = True
370.1598 	EXP 	unnamed TextStim: height = 0.7
370.1598 	EXP 	unnamed TextStim: height = 0.7
370.1598 	EXP 	unnamed TextStim: height = 0.7
370.1598 	EXP 	unnamed TextStim: text = 'SELF'
370.1598 	EXP 	unnamed TextStim: height = 0.7
370.1598 	EXP 	unnamed TextStim: height = 0.7
370.1598 	EXP 	unnamed TextStim: height = 0.7
370.1598 	EXP 	unnamed TextStim: text = 'helpful'
370.1598 	EXP 	unnamed TextStim: autoDraw = True
370.7870 	DATA 	Keypress: r
370.7887 	EXP 	unnamed TextStim: autoDraw = True
377.1629 	EXP 	unnamed TextStim: height = 0.7
377.1629 	EXP 	unnamed TextStim: height = 0.7
377.1629 	EXP 	unnamed TextStim: height = 0.7
377.1629 	EXP 	unnamed TextStim: text = 'UPPERCASE'
377.1629 	EXP 	unnamed TextStim: height = 0.7
377.1629 	EXP 	unnamed TextStim: height = 0.7
377.1629 	EXP 	unnamed TextStim: height = 0.7
377.1629 	EXP 	unnamed TextStim: text = 'UPRIGHT'
377.1629 	EXP 	unnamed TextStim: autoDraw = True
377.9313 	DATA 	Keypress: g
377.9341 	EXP 	unnamed TextStim: autoDraw = True
382.5650 	EXP 	unnamed TextStim: text = 'UPPERCASE'
382.5650 	EXP 	unnamed TextStim: height = 0.7
382.5650 	EXP 	unnamed TextStim: height = 0.7
382.5650 	EXP 	unnamed TextStim: height = 0.7
382.5650 	EXP 	unnamed TextStim: text = 'PROFANE'
382.5650 	EXP 	unnamed TextStim: autoDraw = True
383.4274 	DATA 	Keypress: g
383.4301 	EXP 	unnamed TextStim: autoDraw = True
384.5499 	EXP 	unnamed TextStim: height = 0.7
384.5499 	EXP 	unnamed TextStim: height = 0.7
384.5499 	EXP 	unnamed TextStim: height = 0.7
384.5499 	EXP 	unnamed TextStim: text = 'OBAMA'
384.5499 	EXP 	unnamed TextStim: height = 0.7
384.5499 	EXP 	unnamed TextStim: height = 0.7
384.5499 	EXP 	unnamed TextStim: height = 0.7
384.5499 	EXP 	unnamed TextStim: text = 'stingy'
384.5499 	EXP 	unnamed TextStim: autoDraw = True
385.2171 	DATA 	Keypress: r
385.2199 	EXP 	unnamed TextStim: autoDraw = True
388.9662 	EXP 	unnamed TextStim: height = 0.7
388.9662 	EXP 	unnamed TextStim: height = 0.7
388.9662 	EXP 	unnamed TextStim: height = 0.7
388.9662 	EXP 	unnamed TextStim: text = 'SELF'
388.9662 	EXP 	unnamed TextStim: height = 0.7
388.9662 	EXP 	unnamed TextStim: height = 0.7
388.9662 	EXP 	unnamed TextStim: height = 0.7
388.9662 	EXP 	unnamed TextStim: text = 'responsible'
388.9662 	EXP 	unnamed TextStim: autoDraw = True
389.5667 	DATA 	Keypress: r
389.5694 	EXP 	unnamed TextStim: autoDraw = True
391.0595 	EXP 	unnamed TextStim: text = 'SELF'
391.0595 	EXP 	unnamed TextStim: height = 0.7
391.0595 	EXP 	unnamed TextStim: height = 0.7
391.0595 	EXP 	unnamed TextStim: height = 0.7
391.0595 	EXP 	unnamed TextStim: text = 'prejudiced'
391.0595 	EXP 	unnamed TextStim: autoDraw = True
391.6457 	DATA 	Keypress: g
391.6481 	EXP 	unnamed TextStim: autoDraw = True
394.2635 	EXP 	unnamed TextStim: height = 0.7
394.2635 	EXP 	unnamed TextStim: height = 0.7
394.2635 	EXP 	unnamed TextStim: height = 0.7
394.2635 	EXP 	unnamed TextStim: text = 'OBAMA'
394.2635 	EXP 	unnamed TextStim: height = 0.7
394.2635 	EXP 	unnamed TextStim: height = 0.7
394.2635 	EXP 	unnamed TextStim: height = 0.7
394.2635 	EXP 	unnamed TextStim: text = 'experienced'
394.2635 	EXP 	unnamed TextStim: autoDraw = True
394.8100 	DATA 	Keypress: r
394.8124 	EXP 	unnamed TextStim: autoDraw = True
396.7621 	EXP 	unnamed TextStim: height = 0.7
396.7621 	EXP 	unnamed TextStim: height = 0.7
396.7621 	EXP 	unnamed TextStim: height = 0.7
396.7621 	EXP 	unnamed TextStim: text = 'UPPERCASE'
396.7621 	EXP 	unnamed TextStim: height = 0.7
396.7621 	EXP 	unnamed TextStim: height = 0.7
396.7621 	EXP 	unnamed TextStim: height = 0.7
396.7621 	EXP 	unnamed TextStim: text = 'UNDECIDED'
396.7621 	EXP 	unnamed TextStim: autoDraw = True
397.4880 	DATA 	Keypress: g
397.4907 	EXP 	unnamed TextStim: autoDraw = True
398.8597 	EXP 	unnamed TextStim: text = 'UPPERCASE'
398.8597 	EXP 	unnamed TextStim: height = 0.7
398.8597 	EXP 	unnamed TextStim: height = 0.7
398.8597 	EXP 	unnamed TextStim: height = 0.7
398.8597 	EXP 	unnamed TextStim: text = 'radical'
398.8597 	EXP 	unnamed TextStim: autoDraw = True
399.7963 	DATA 	Keypress: r
399.7982 	EXP 	unnamed TextStim: autoDraw = True
401.6589 	EXP 	unnamed TextStim: text = 'UPPERCASE'
401.6589 	EXP 	unnamed TextStim: height = 0.7
401.6589 	EXP 	unnamed TextStim: height = 0.7
401.6589 	EXP 	unnamed TextStim: height = 0.7
401.6589 	EXP 	unnamed TextStim: text = 'dislikable'
401.6589 	EXP 	unnamed TextStim: autoDraw = True
402.9075 	DATA 	Keypress: r
402.9190 	EXP 	unnamed TextStim: autoDraw = True
407.1651 	EXP 	unnamed TextStim: text = 'UPPERCASE'
407.1651 	EXP 	unnamed TextStim: height = 0.7
407.1651 	EXP 	unnamed TextStim: height = 0.7
407.1651 	EXP 	unnamed TextStim: height = 0.7
407.1651 	EXP 	unnamed TextStim: text = 'cool-headed'
407.1651 	EXP 	unnamed TextStim: autoDraw = True
407.9417 	DATA 	Keypress: r
407.9442 	EXP 	unnamed TextStim: autoDraw = True
410.3603 	EXP 	unnamed TextStim: height = 0.7
410.3603 	EXP 	unnamed TextStim: height = 0.7
410.3603 	EXP 	unnamed TextStim: height = 0.7
410.3603 	EXP 	unnamed TextStim: text = 'OBAMA'
410.3603 	EXP 	unnamed TextStim: height = 0.7
410.3603 	EXP 	unnamed TextStim: height = 0.7
410.3603 	EXP 	unnamed TextStim: height = 0.7
410.3603 	EXP 	unnamed TextStim: text = 'neat'
410.3603 	EXP 	unnamed TextStim: autoDraw = True
410.9450 	DATA 	Keypress: r
410.9477 	EXP 	unnamed TextStim: autoDraw = True
415.5627 	EXP 	unnamed TextStim: height = 0.7
415.5627 	EXP 	unnamed TextStim: height = 0.7
415.5627 	EXP 	unnamed TextStim: height = 0.7
415.5627 	EXP 	unnamed TextStim: text = 'UPPERCASE'
415.5627 	EXP 	unnamed TextStim: height = 0.7
415.5627 	EXP 	unnamed TextStim: height = 0.7
415.5627 	EXP 	unnamed TextStim: height = 0.7
415.5627 	EXP 	unnamed TextStim: text = 'IMPRESSIONABLE'
415.5627 	EXP 	unnamed TextStim: autoDraw = True
416.4920 	DATA 	Keypress: g
416.4944 	EXP 	unnamed TextStim: autoDraw = True
418.2650 	EXP 	unnamed TextStim: height = 0.7
418.2650 	EXP 	unnamed TextStim: height = 0.7
418.2650 	EXP 	unnamed TextStim: height = 0.7
418.2650 	EXP 	unnamed TextStim: text = 'SELF'
418.2650 	EXP 	unnamed TextStim: height = 0.7
418.2650 	EXP 	unnamed TextStim: height = 0.7
418.2650 	EXP 	unnamed TextStim: height = 0.7
418.2650 	EXP 	unnamed TextStim: text = 'scheming'
418.2650 	EXP 	unnamed TextStim: autoDraw = True
418.7485 	DATA 	Keypress: r
418.7503 	EXP 	unnamed TextStim: autoDraw = True
422.6626 	EXP 	unnamed TextStim: height = 0.7
422.6626 	EXP 	unnamed TextStim: height = 0.7
422.6626 	EXP 	unnamed TextStim: height = 0.7
422.6626 	EXP 	unnamed TextStim: text = 'UPPERCASE'
422.6626 	EXP 	unnamed TextStim: height = 0.7
422.6626 	EXP 	unnamed TextStim: height = 0.7
422.6626 	EXP 	unnamed TextStim: height = 0.7
422.6626 	EXP 	unnamed TextStim: text = 'grateful'
422.6626 	EXP 	unnamed TextStim: autoDraw = True
423.4833 	DATA 	Keypress: r
423.4861 	EXP 	unnamed TextStim: autoDraw = True
427.0627 	EXP 	unnamed TextStim: height = 0.7
427.0627 	EXP 	unnamed TextStim: height = 0.7
427.0627 	EXP 	unnamed TextStim: height = 0.7
427.0627 	EXP 	unnamed TextStim: text = 'SELF'
427.0627 	EXP 	unnamed TextStim: height = 0.7
427.0627 	EXP 	unnamed TextStim: height = 0.7
427.0627 	EXP 	unnamed TextStim: height = 0.7
427.0627 	EXP 	unnamed TextStim: text = 'ungracious'
427.0627 	EXP 	unnamed TextStim: autoDraw = True
427.6159 	DATA 	Keypress: r
427.6186 	EXP 	unnamed TextStim: autoDraw = True
433.2629 	EXP 	unnamed TextStim: text = 'SELF'
433.2629 	EXP 	unnamed TextStim: height = 0.7
433.2629 	EXP 	unnamed TextStim: height = 0.7
433.2629 	EXP 	unnamed TextStim: height = 0.7
433.2629 	EXP 	unnamed TextStim: text = 'irritable'
433.2629 	EXP 	unnamed TextStim: autoDraw = True
433.8101 	DATA 	Keypress: r
433.8133 	EXP 	unnamed TextStim: autoDraw = True
435.5621 	EXP 	unnamed TextStim: height = 0.7
435.5621 	EXP 	unnamed TextStim: height = 0.7
435.5621 	EXP 	unnamed TextStim: height = 0.7
435.5621 	EXP 	unnamed TextStim: text = 'OBAMA'
435.5621 	EXP 	unnamed TextStim: height = 0.7
435.5621 	EXP 	unnamed TextStim: height = 0.7
435.5621 	EXP 	unnamed TextStim: height = 0.7
435.5621 	EXP 	unnamed TextStim: text = 'observant'
435.5621 	EXP 	unnamed TextStim: autoDraw = True
436.2018 	DATA 	Keypress: g
436.2045 	EXP 	unnamed TextStim: autoDraw = True
437.5612 	EXP 	unnamed TextStim: text = 'OBAMA'
437.5612 	EXP 	unnamed TextStim: height = 0.7
437.5612 	EXP 	unnamed TextStim: height = 0.7
437.5612 	EXP 	unnamed TextStim: height = 0.7
437.5612 	EXP 	unnamed TextStim: text = 'strong-minded'
437.5612 	EXP 	unnamed TextStim: autoDraw = True
438.0920 	DATA 	Keypress: r
438.0947 	EXP 	unnamed TextStim: autoDraw = True
440.9601 	EXP 	unnamed TextStim: height = 0.7
440.9601 	EXP 	unnamed TextStim: height = 0.7
440.9601 	EXP 	unnamed TextStim: height = 0.7
440.9601 	EXP 	unnamed TextStim: text = 'UPPERCASE'
440.9601 	EXP 	unnamed TextStim: height = 0.7
440.9601 	EXP 	unnamed TextStim: height = 0.7
440.9601 	EXP 	unnamed TextStim: height = 0.7
440.9601 	EXP 	unnamed TextStim: text = 'creative'
440.9601 	EXP 	unnamed TextStim: autoDraw = True
441.7531 	DATA 	Keypress: r
441.7555 	EXP 	unnamed TextStim: autoDraw = True
445.9642 	EXP 	unnamed TextStim: height = 0.7
445.9642 	EXP 	unnamed TextStim: height = 0.7
445.9642 	EXP 	unnamed TextStim: height = 0.7
445.9642 	EXP 	unnamed TextStim: text = 'SELF'
445.9642 	EXP 	unnamed TextStim: height = 0.7
445.9642 	EXP 	unnamed TextStim: height = 0.7
445.9642 	EXP 	unnamed TextStim: height = 0.7
445.9642 	EXP 	unnamed TextStim: text = 'comical'
445.9642 	EXP 	unnamed TextStim: autoDraw = True
446.6226 	DATA 	Keypress: g
446.6254 	EXP 	unnamed TextStim: autoDraw = True
451.6611 	EXP 	unnamed TextStim: text = 'SELF'
451.6611 	EXP 	unnamed TextStim: height = 0.7
451.6611 	EXP 	unnamed TextStim: height = 0.7
451.6611 	EXP 	unnamed TextStim: height = 0.7
451.6611 	EXP 	unnamed TextStim: text = 'courteous'
451.6611 	EXP 	unnamed TextStim: autoDraw = True
452.1969 	DATA 	Keypress: r
452.2000 	EXP 	unnamed TextStim: autoDraw = True
456.2625 	EXP 	unnamed TextStim: height = 0.7
456.2625 	EXP 	unnamed TextStim: height = 0.7
456.2625 	EXP 	unnamed TextStim: height = 0.7
456.2625 	EXP 	unnamed TextStim: text = 'OBAMA'
456.2625 	EXP 	unnamed TextStim: height = 0.7
456.2625 	EXP 	unnamed TextStim: height = 0.7
456.2625 	EXP 	unnamed TextStim: height = 0.7
456.2625 	EXP 	unnamed TextStim: text = 'imitative'
456.2625 	EXP 	unnamed TextStim: autoDraw = True
456.8720 	DATA 	Keypress: r
456.8744 	EXP 	unnamed TextStim: autoDraw = True
463.1654 	EXP 	unnamed TextStim: height = 0.7
463.1654 	EXP 	unnamed TextStim: height = 0.7
463.1654 	EXP 	unnamed TextStim: height = 0.7
463.1654 	EXP 	unnamed TextStim: text = 'SELF'
463.1654 	EXP 	unnamed TextStim: height = 0.7
463.1654 	EXP 	unnamed TextStim: height = 0.7
463.1654 	EXP 	unnamed TextStim: height = 0.7
463.1654 	EXP 	unnamed TextStim: text = 'adventurous'
463.1654 	EXP 	unnamed TextStim: autoDraw = True
464.0116 	DATA 	Keypress: r
464.0140 	EXP 	unnamed TextStim: autoDraw = True
469.7688 	EXP 	unnamed TextStim: text = 'SELF'
469.7688 	EXP 	unnamed TextStim: height = 0.7
469.7688 	EXP 	unnamed TextStim: height = 0.7
469.7688 	EXP 	unnamed TextStim: height = 0.7
469.7688 	EXP 	unnamed TextStim: text = 'shy'
469.7688 	EXP 	unnamed TextStim: autoDraw = True
470.6563 	DATA 	Keypress: r
470.6587 	EXP 	unnamed TextStim: autoDraw = True
475.7649 	EXP 	unnamed TextStim: height = 0.7
475.7649 	EXP 	unnamed TextStim: height = 0.7
475.7649 	EXP 	unnamed TextStim: height = 0.7
475.7649 	EXP 	unnamed TextStim: text = 'UPPERCASE'
475.7649 	EXP 	unnamed TextStim: height = 0.7
475.7649 	EXP 	unnamed TextStim: height = 0.7
475.7649 	EXP 	unnamed TextStim: height = 0.7
475.7649 	EXP 	unnamed TextStim: text = 'discreet'
475.7649 	EXP 	unnamed TextStim: autoDraw = True
476.6494 	DATA 	Keypress: r
476.6519 	EXP 	unnamed TextStim: autoDraw = True
482.6650 	EXP 	unnamed TextStim: text = 'UPPERCASE'
482.6650 	EXP 	unnamed TextStim: height = 0.7
482.6650 	EXP 	unnamed TextStim: height = 0.7
482.6650 	EXP 	unnamed TextStim: height = 0.7
482.6650 	EXP 	unnamed TextStim: text = 'WISHY-WASHY'
482.6650 	EXP 	unnamed TextStim: autoDraw = True
483.8763 	DATA 	Keypress: g
483.8822 	EXP 	unnamed TextStim: autoDraw = True
488.3658 	EXP 	unnamed TextStim: text = 'UPPERCASE'
488.3658 	EXP 	unnamed TextStim: height = 0.7
488.3658 	EXP 	unnamed TextStim: height = 0.7
488.3658 	EXP 	unnamed TextStim: height = 0.7
488.3658 	EXP 	unnamed TextStim: text = 'COMPOSED'
488.3658 	EXP 	unnamed TextStim: autoDraw = True
489.1567 	DATA 	Keypress: g
489.1595 	EXP 	unnamed TextStim: autoDraw = True
492.9627 	EXP 	unnamed TextStim: height = 0.7
492.9627 	EXP 	unnamed TextStim: height = 0.7
492.9627 	EXP 	unnamed TextStim: height = 0.7
492.9627 	EXP 	unnamed TextStim: text = 'OBAMA'
492.9627 	EXP 	unnamed TextStim: height = 0.7
492.9627 	EXP 	unnamed TextStim: height = 0.7
492.9627 	EXP 	unnamed TextStim: height = 0.7
492.9627 	EXP 	unnamed TextStim: text = 'ill-mannered'
492.9627 	EXP 	unnamed TextStim: autoDraw = True
493.6411 	DATA 	Keypress: r
493.6441 	EXP 	unnamed TextStim: autoDraw = True
497.2602 	EXP 	unnamed TextStim: text = 'OBAMA'
497.2602 	EXP 	unnamed TextStim: height = 0.7
497.2602 	EXP 	unnamed TextStim: height = 0.7
497.2602 	EXP 	unnamed TextStim: height = 0.7
497.2602 	EXP 	unnamed TextStim: text = 'ill-tempered'
497.2602 	EXP 	unnamed TextStim: autoDraw = True
497.8879 	DATA 	Keypress: r
497.8908 	EXP 	unnamed TextStim: autoDraw = True
503.1632 	EXP 	unnamed TextStim: height = 0.7
503.1632 	EXP 	unnamed TextStim: height = 0.7
503.1632 	EXP 	unnamed TextStim: height = 0.7
503.1632 	EXP 	unnamed TextStim: text = 'SELF'
503.1632 	EXP 	unnamed TextStim: height = 0.7
503.1632 	EXP 	unnamed TextStim: height = 0.7
503.1632 	EXP 	unnamed TextStim: height = 0.7
503.1632 	EXP 	unnamed TextStim: text = 'oversensitive'
503.1632 	EXP 	unnamed TextStim: autoDraw = True
503.7187 	DATA 	Keypress: r
503.7216 	EXP 	unnamed TextStim: autoDraw = True
510.1625 	EXP 	unnamed TextStim: height = 0.7
510.1625 	EXP 	unnamed TextStim: height = 0.7
510.1625 	EXP 	unnamed TextStim: height = 0.7
510.1625 	EXP 	unnamed TextStim: text = 'UPPERCASE'
510.1625 	EXP 	unnamed TextStim: height = 0.7
510.1625 	EXP 	unnamed TextStim: height = 0.7
510.1625 	EXP 	unnamed TextStim: height = 0.7
510.1625 	EXP 	unnamed TextStim: text = 'DISOBEDIENT'
510.1625 	EXP 	unnamed TextStim: autoDraw = True
511.0609 	DATA 	Keypress: g
511.0635 	EXP 	unnamed TextStim: autoDraw = True
513.8612 	EXP 	unnamed TextStim: height = 0.7
513.8612 	EXP 	unnamed TextStim: height = 0.7
513.8612 	EXP 	unnamed TextStim: height = 0.7
513.8612 	EXP 	unnamed TextStim: text = 'OBAMA'
513.8612 	EXP 	unnamed TextStim: height = 0.7
513.8612 	EXP 	unnamed TextStim: height = 0.7
513.8612 	EXP 	unnamed TextStim: height = 0.7
513.8612 	EXP 	unnamed TextStim: text = 'disturbed'
513.8612 	EXP 	unnamed TextStim: autoDraw = True
514.6254 	DATA 	Keypress: r
514.6280 	EXP 	unnamed TextStim: autoDraw = True
519.9646 	EXP 	unnamed TextStim: height = 0.7
519.9646 	EXP 	unnamed TextStim: height = 0.7
519.9646 	EXP 	unnamed TextStim: height = 0.7
519.9646 	EXP 	unnamed TextStim: text = 'SELF'
519.9646 	EXP 	unnamed TextStim: height = 0.7
519.9646 	EXP 	unnamed TextStim: height = 0.7
519.9646 	EXP 	unnamed TextStim: height = 0.7
519.9646 	EXP 	unnamed TextStim: text = 'wasteful'
519.9646 	EXP 	unnamed TextStim: autoDraw = True
520.6344 	DATA 	Keypress: r
520.6373 	EXP 	unnamed TextStim: autoDraw = True
526.5629 	EXP 	unnamed TextStim: height = 0.7
526.5629 	EXP 	unnamed TextStim: height = 0.7
526.5629 	EXP 	unnamed TextStim: height = 0.7
526.5629 	EXP 	unnamed TextStim: text = 'OBAMA'
526.5629 	EXP 	unnamed TextStim: height = 0.7
526.5629 	EXP 	unnamed TextStim: height = 0.7
526.5629 	EXP 	unnamed TextStim: height = 0.7
526.5629 	EXP 	unnamed TextStim: text = 'persistent'
526.5629 	EXP 	unnamed TextStim: autoDraw = True
527.5368 	DATA 	Keypress: g
527.5393 	EXP 	unnamed TextStim: autoDraw = True
528.5498 	EXP 	unnamed TextStim: text = 'OBAMA'
528.5498 	EXP 	unnamed TextStim: height = 0.7
528.5498 	EXP 	unnamed TextStim: height = 0.7
528.5498 	EXP 	unnamed TextStim: height = 0.7
528.5498 	EXP 	unnamed TextStim: text = 'boring'
528.5498 	EXP 	unnamed TextStim: autoDraw = True
529.2209 	DATA 	Keypress: r
529.2229 	EXP 	unnamed TextStim: autoDraw = True
530.5580 	EXP 	unnamed TextStim: text = 'OBAMA'
530.5580 	EXP 	unnamed TextStim: height = 0.7
530.5580 	EXP 	unnamed TextStim: height = 0.7
530.5580 	EXP 	unnamed TextStim: height = 0.7
530.5580 	EXP 	unnamed TextStim: text = 'accurate'
530.5580 	EXP 	unnamed TextStim: autoDraw = True
531.2417 	DATA 	Keypress: r
531.2436 	EXP 	unnamed TextStim: autoDraw = True
535.4655 	EXP 	unnamed TextStim: height = 0.7
535.4655 	EXP 	unnamed TextStim: height = 0.7
535.4655 	EXP 	unnamed TextStim: height = 0.7
535.4655 	EXP 	unnamed TextStim: text = 'UPPERCASE'
535.4655 	EXP 	unnamed TextStim: height = 0.7
535.4655 	EXP 	unnamed TextStim: height = 0.7
535.4655 	EXP 	unnamed TextStim: height = 0.7
535.4655 	EXP 	unnamed TextStim: text = 'gullible'
535.4655 	EXP 	unnamed TextStim: autoDraw = True
536.3871 	DATA 	Keypress: r
536.3897 	EXP 	unnamed TextStim: autoDraw = True
541.2651 	EXP 	unnamed TextStim: text = 'UPPERCASE'
541.2651 	EXP 	unnamed TextStim: height = 0.7
541.2651 	EXP 	unnamed TextStim: height = 0.7
541.2651 	EXP 	unnamed TextStim: height = 0.7
541.2651 	EXP 	unnamed TextStim: text = 'FORGIVING'
541.2651 	EXP 	unnamed TextStim: autoDraw = True
542.0105 	DATA 	Keypress: g
542.0131 	EXP 	unnamed TextStim: autoDraw = True
547.3626 	EXP 	unnamed TextStim: height = 0.7
547.3626 	EXP 	unnamed TextStim: height = 0.7
547.3626 	EXP 	unnamed TextStim: height = 0.7
547.3626 	EXP 	unnamed TextStim: text = 'SELF'
547.3626 	EXP 	unnamed TextStim: height = 0.7
547.3626 	EXP 	unnamed TextStim: height = 0.7
547.3626 	EXP 	unnamed TextStim: height = 0.7
547.3626 	EXP 	unnamed TextStim: text = 'unskilled'
547.3626 	EXP 	unnamed TextStim: autoDraw = True
547.9235 	DATA 	Keypress: r
547.9259 	EXP 	unnamed TextStim: autoDraw = True
551.8608 	EXP 	unnamed TextStim: text = 'SELF'
551.8608 	EXP 	unnamed TextStim: height = 0.7
551.8608 	EXP 	unnamed TextStim: height = 0.7
551.8608 	EXP 	unnamed TextStim: height = 0.7
551.8608 	EXP 	unnamed TextStim: text = 'crude'
551.8608 	EXP 	unnamed TextStim: autoDraw = True
552.4571 	DATA 	Keypress: r
552.4596 	EXP 	unnamed TextStim: autoDraw = True
555.1604 	EXP 	unnamed TextStim: height = 0.7
555.1604 	EXP 	unnamed TextStim: height = 0.7
555.1604 	EXP 	unnamed TextStim: height = 0.7
555.1604 	EXP 	unnamed TextStim: text = 'UPPERCASE'
555.1604 	EXP 	unnamed TextStim: height = 0.7
555.1604 	EXP 	unnamed TextStim: height = 0.7
555.1604 	EXP 	unnamed TextStim: height = 0.7
555.1604 	EXP 	unnamed TextStim: text = 'THRIFTY'
555.1604 	EXP 	unnamed TextStim: autoDraw = True
555.9976 	DATA 	Keypress: g
556.0002 	EXP 	unnamed TextStim: autoDraw = True
558.3593 	EXP 	unnamed TextStim: height = 0.7
558.3593 	EXP 	unnamed TextStim: height = 0.7
558.3593 	EXP 	unnamed TextStim: height = 0.7
558.3593 	EXP 	unnamed TextStim: text = 'OBAMA'
558.3593 	EXP 	unnamed TextStim: height = 0.7
558.3593 	EXP 	unnamed TextStim: height = 0.7
558.3593 	EXP 	unnamed TextStim: height = 0.7
558.3593 	EXP 	unnamed TextStim: text = 'efficient'
558.3593 	EXP 	unnamed TextStim: autoDraw = True
558.8891 	DATA 	Keypress: r
558.8919 	EXP 	unnamed TextStim: autoDraw = True
560.3592 	EXP 	unnamed TextStim: height = 0.7
560.3592 	EXP 	unnamed TextStim: height = 0.7
560.3592 	EXP 	unnamed TextStim: height = 0.7
560.3592 	EXP 	unnamed TextStim: text = 'SELF'
560.3592 	EXP 	unnamed TextStim: height = 0.7
560.3592 	EXP 	unnamed TextStim: height = 0.7
560.3592 	EXP 	unnamed TextStim: height = 0.7
560.3592 	EXP 	unnamed TextStim: text = 'moral'
560.3592 	EXP 	unnamed TextStim: autoDraw = True
560.8891 	DATA 	Keypress: r
560.8920 	EXP 	unnamed TextStim: autoDraw = True
563.4614 	EXP 	unnamed TextStim: height = 0.7
563.4614 	EXP 	unnamed TextStim: height = 0.7
563.4614 	EXP 	unnamed TextStim: height = 0.7
563.4614 	EXP 	unnamed TextStim: text = 'UPPERCASE'
563.4614 	EXP 	unnamed TextStim: height = 0.7
563.4614 	EXP 	unnamed TextStim: height = 0.7
563.4614 	EXP 	unnamed TextStim: height = 0.7
563.4614 	EXP 	unnamed TextStim: text = 'positive'
563.4614 	EXP 	unnamed TextStim: autoDraw = True
564.3505 	DATA 	Keypress: r
564.3533 	EXP 	unnamed TextStim: autoDraw = True
567.1635 	EXP 	unnamed TextStim: height = 0.7
567.1635 	EXP 	unnamed TextStim: height = 0.7
567.1635 	EXP 	unnamed TextStim: height = 0.7
567.1635 	EXP 	unnamed TextStim: text = 'OBAMA'
567.1635 	EXP 	unnamed TextStim: height = 0.7
567.1635 	EXP 	unnamed TextStim: height = 0.7
567.1635 	EXP 	unnamed TextStim: height = 0.7
567.1635 	EXP 	unnamed TextStim: text = 'educated'
567.1635 	EXP 	unnamed TextStim: autoDraw = True
567.8533 	DATA 	Keypress: r
567.8560 	EXP 	unnamed TextStim: autoDraw = True
573.2614 	EXP 	unnamed TextStim: height = 0.7
573.2614 	EXP 	unnamed TextStim: height = 0.7
573.2614 	EXP 	unnamed TextStim: height = 0.7
573.2614 	EXP 	unnamed TextStim: text = 'SELF'
573.2614 	EXP 	unnamed TextStim: height = 0.7
573.2614 	EXP 	unnamed TextStim: height = 0.7
573.2614 	EXP 	unnamed TextStim: height = 0.7
573.2614 	EXP 	unnamed TextStim: text = 'heartless'
573.2614 	EXP 	unnamed TextStim: autoDraw = True
573.9027 	DATA 	Keypress: g
573.9060 	EXP 	unnamed TextStim: autoDraw = True
578.3610 	EXP 	unnamed TextStim: height = 0.7
578.3610 	EXP 	unnamed TextStim: height = 0.7
578.3610 	EXP 	unnamed TextStim: height = 0.7
578.3610 	EXP 	unnamed TextStim: text = 'UPPERCASE'
578.3610 	EXP 	unnamed TextStim: height = 0.7
578.3610 	EXP 	unnamed TextStim: height = 0.7
578.3610 	EXP 	unnamed TextStim: height = 0.7
578.3610 	EXP 	unnamed TextStim: text = 'competent'
578.3610 	EXP 	unnamed TextStim: autoDraw = True
579.3415 	DATA 	Keypress: r
579.3439 	EXP 	unnamed TextStim: autoDraw = True
583.4639 	EXP 	unnamed TextStim: height = 0.7
583.4639 	EXP 	unnamed TextStim: height = 0.7
583.4639 	EXP 	unnamed TextStim: height = 0.7
583.4639 	EXP 	unnamed TextStim: text = 'OBAMA'
583.4639 	EXP 	unnamed TextStim: height = 0.7
583.4639 	EXP 	unnamed TextStim: height = 0.7
583.4639 	EXP 	unnamed TextStim: height = 0.7
583.4639 	EXP 	unnamed TextStim: text = 'uninteresting'
583.4639 	EXP 	unnamed TextStim: autoDraw = True
584.0696 	DATA 	Keypress: r
584.0721 	EXP 	unnamed TextStim: autoDraw = True
585.8592 	EXP 	unnamed TextStim: height = 0.7
585.8592 	EXP 	unnamed TextStim: height = 0.7
585.8592 	EXP 	unnamed TextStim: height = 0.7
585.8592 	EXP 	unnamed TextStim: text = 'SELF'
585.8592 	EXP 	unnamed TextStim: height = 0.7
585.8592 	EXP 	unnamed TextStim: height = 0.7
585.8592 	EXP 	unnamed TextStim: height = 0.7
585.8592 	EXP 	unnamed TextStim: text = 'ungrateful'
585.8592 	EXP 	unnamed TextStim: autoDraw = True
586.3581 	DATA 	Keypress: r
586.3600 	EXP 	unnamed TextStim: autoDraw = True
587.8650 	EXP 	unnamed TextStim: height = 0.7
587.8650 	EXP 	unnamed TextStim: height = 0.7
587.8650 	EXP 	unnamed TextStim: height = 0.7
587.8650 	EXP 	unnamed TextStim: text = 'OBAMA'
587.8650 	EXP 	unnamed TextStim: height = 0.7
587.8650 	EXP 	unnamed TextStim: height = 0.7
587.8650 	EXP 	unnamed TextStim: height = 0.7
587.8650 	EXP 	unnamed TextStim: text = 'painstaking'
587.8650 	EXP 	unnamed TextStim: autoDraw = True
588.4979 	DATA 	Keypress: r
588.4999 	EXP 	unnamed TextStim: autoDraw = True
590.7596 	EXP 	unnamed TextStim: height = 0.7
590.7596 	EXP 	unnamed TextStim: height = 0.7
590.7596 	EXP 	unnamed TextStim: height = 0.7
590.7596 	EXP 	unnamed TextStim: text = 'SELF'
590.7596 	EXP 	unnamed TextStim: height = 0.7
590.7596 	EXP 	unnamed TextStim: height = 0.7
590.7596 	EXP 	unnamed TextStim: height = 0.7
590.7596 	EXP 	unnamed TextStim: text = 'opinionated'
590.7596 	EXP 	unnamed TextStim: autoDraw = True
591.5386 	DATA 	Keypress: r
591.5412 	EXP 	unnamed TextStim: autoDraw = True
592.7588 	EXP 	unnamed TextStim: text = 'SELF'
592.7588 	EXP 	unnamed TextStim: height = 0.7
592.7588 	EXP 	unnamed TextStim: height = 0.7
592.7588 	EXP 	unnamed TextStim: height = 0.7
592.7588 	EXP 	unnamed TextStim: text = 'insulting'
592.7588 	EXP 	unnamed TextStim: autoDraw = True
593.3362 	DATA 	Keypress: r
593.3387 	EXP 	unnamed TextStim: autoDraw = True
595.4639 	EXP 	unnamed TextStim: height = 0.7
595.4639 	EXP 	unnamed TextStim: height = 0.7
595.4639 	EXP 	unnamed TextStim: height = 0.7
595.4639 	EXP 	unnamed TextStim: text = 'OBAMA'
595.4639 	EXP 	unnamed TextStim: height = 0.7
595.4639 	EXP 	unnamed TextStim: height = 0.7
595.4639 	EXP 	unnamed TextStim: height = 0.7
595.4639 	EXP 	unnamed TextStim: text = 'worrier'
595.4639 	EXP 	unnamed TextStim: autoDraw = True
596.0310 	DATA 	Keypress: g
596.0333 	EXP 	unnamed TextStim: autoDraw = True
598.5595 	EXP 	unnamed TextStim: text = 'OBAMA'
598.5595 	EXP 	unnamed TextStim: height = 0.7
598.5595 	EXP 	unnamed TextStim: height = 0.7
598.5595 	EXP 	unnamed TextStim: height = 0.7
598.5595 	EXP 	unnamed TextStim: text = 'cowardly'
598.5595 	EXP 	unnamed TextStim: autoDraw = True
599.0360 	DATA 	Keypress: r
599.0386 	EXP 	unnamed TextStim: autoDraw = True
603.2649 	EXP 	unnamed TextStim: text = 'OBAMA'
603.2649 	EXP 	unnamed TextStim: height = 0.7
603.2649 	EXP 	unnamed TextStim: height = 0.7
603.2649 	EXP 	unnamed TextStim: height = 0.7
603.2649 	EXP 	unnamed TextStim: text = 'withdrawn'
603.2649 	EXP 	unnamed TextStim: autoDraw = True
603.8340 	DATA 	Keypress: r
603.8368 	EXP 	unnamed TextStim: autoDraw = True
606.0594 	EXP 	unnamed TextStim: text = 'OBAMA'
606.0594 	EXP 	unnamed TextStim: height = 0.7
606.0594 	EXP 	unnamed TextStim: height = 0.7
606.0594 	EXP 	unnamed TextStim: height = 0.7
606.0594 	EXP 	unnamed TextStim: text = 'good-tempered'
606.0594 	EXP 	unnamed TextStim: autoDraw = True
606.8861 	DATA 	Keypress: r
606.8881 	EXP 	unnamed TextStim: autoDraw = True
608.3638 	EXP 	unnamed TextStim: height = 0.7
608.3638 	EXP 	unnamed TextStim: height = 0.7
608.3638 	EXP 	unnamed TextStim: height = 0.7
608.3638 	EXP 	unnamed TextStim: text = 'UPPERCASE'
608.3638 	EXP 	unnamed TextStim: height = 0.7
608.3638 	EXP 	unnamed TextStim: height = 0.7
608.3638 	EXP 	unnamed TextStim: height = 0.7
608.3638 	EXP 	unnamed TextStim: text = 'HELPLESS'
608.3638 	EXP 	unnamed TextStim: autoDraw = True
609.6487 	DATA 	Keypress: g
609.6605 	EXP 	unnamed TextStim: autoDraw = True
611.7583 	EXP 	unnamed TextStim: height = 0.7
611.7583 	EXP 	unnamed TextStim: height = 0.7
611.7583 	EXP 	unnamed TextStim: height = 0.7
611.7583 	EXP 	unnamed TextStim: text = 'OBAMA'
611.7583 	EXP 	unnamed TextStim: height = 0.7
611.7583 	EXP 	unnamed TextStim: height = 0.7
611.7583 	EXP 	unnamed TextStim: height = 0.7
611.7583 	EXP 	unnamed TextStim: text = 'interesting'
611.7583 	EXP 	unnamed TextStim: autoDraw = True
612.4048 	DATA 	Keypress: r
612.4071 	EXP 	unnamed TextStim: autoDraw = True
617.2624 	EXP 	unnamed TextStim: height = 0.7
617.2624 	EXP 	unnamed TextStim: height = 0.7
617.2624 	EXP 	unnamed TextStim: height = 0.7
617.2624 	EXP 	unnamed TextStim: text = 'UPPERCASE'
617.2624 	EXP 	unnamed TextStim: height = 0.7
617.2624 	EXP 	unnamed TextStim: height = 0.7
617.2624 	EXP 	unnamed TextStim: height = 0.7
617.2624 	EXP 	unnamed TextStim: text = 'AVERAGE'
617.2624 	EXP 	unnamed TextStim: autoDraw = True
618.1120 	DATA 	Keypress: g
618.1144 	EXP 	unnamed TextStim: autoDraw = True
622.4659 	EXP 	unnamed TextStim: height = 0.7
622.4659 	EXP 	unnamed TextStim: height = 0.7
622.4659 	EXP 	unnamed TextStim: height = 0.7
622.4659 	EXP 	unnamed TextStim: text = 'OBAMA'
622.4659 	EXP 	unnamed TextStim: height = 0.7
622.4659 	EXP 	unnamed TextStim: height = 0.7
622.4659 	EXP 	unnamed TextStim: height = 0.7
622.4659 	EXP 	unnamed TextStim: text = 'unpunctual'
622.4659 	EXP 	unnamed TextStim: autoDraw = True
623.0985 	DATA 	Keypress: r
623.1016 	EXP 	unnamed TextStim: autoDraw = True
626.4618 	EXP 	unnamed TextStim: height = 0.7
626.4618 	EXP 	unnamed TextStim: height = 0.7
626.4618 	EXP 	unnamed TextStim: height = 0.7
626.4618 	EXP 	unnamed TextStim: text = 'SELF'
626.4618 	EXP 	unnamed TextStim: height = 0.7
626.4618 	EXP 	unnamed TextStim: height = 0.7
626.4618 	EXP 	unnamed TextStim: height = 0.7
626.4618 	EXP 	unnamed TextStim: text = 'realist'
626.4618 	EXP 	unnamed TextStim: autoDraw = True
627.0318 	DATA 	Keypress: r
627.0345 	EXP 	unnamed TextStim: autoDraw = True
631.8628 	EXP 	unnamed TextStim: text = 'SELF'
631.8628 	EXP 	unnamed TextStim: height = 0.7
631.8628 	EXP 	unnamed TextStim: height = 0.7
631.8628 	EXP 	unnamed TextStim: height = 0.7
631.8628 	EXP 	unnamed TextStim: text = 'moralistic'
631.8628 	EXP 	unnamed TextStim: autoDraw = True
632.4849 	DATA 	Keypress: r
632.4874 	EXP 	unnamed TextStim: autoDraw = True
632.4891 	EXP 	unnamed TextStim: autoDraw = False
640.0800 	EXP 	window1: mouseVisible = True
640.0802 	WARNING 	Monitor specification not found. Creating a temporary one...
641.1767 	WARNING 	Couldn't measure a consistent frame rate!
  - Is your graphics card set to sync to vertical blank?
  - Are you running other processes on your computer?

641.1770 	EXP 	Created window1 = Window(allowGUI=True, allowStencil=False, autoLog=True, backendConf=UNKNOWN, backgroundFit=<method-wrapper '__getattribute__' of attributeSetter object at 0x7f8c216468b0>, backgroundImage=<method-wrapper '__getattribute__' of attributeSetter object at 0x7f8c21646850>, bitsMode=UNKNOWN, blendMode='avg', bpc=(8, 8, 8), color=array([-1, -1, -1]), colorSpace='rgb', depthBits=8, fullscr=<method-wrapper '__getattribute__' of attributeSetter object at 0x7f8c21646610>, gamma=None, gammaErrorPolicy='raise', infoMsg=UNKNOWN, lms=UNKNOWN, monitor=<psychopy.monitors.calibTools.Monitor object at 0x7f8c01101520>, multiSample=False, name='window1', numSamples=2, pos=(526, 331), screen=0, size=array([1840, 1280]), stencilBits=0, stereo=False, title='PsychoPy', units='pix', useFBO=False, useRetina=True, viewOri=0.0, viewPos=None, viewScale=None, waitBlanking=True, winType='pyglet')
641.1770 	EXP 	window1: backgroundImage = None
641.1770 	EXP 	window1: backgroundFit = 'cover'
641.1772 	EXP 	window1: mouseVisible = <method-wrapper '__getattribute__' of attributeSetter object at 0x7f8c216469d0>
641.1795 	EXP 	Created unnamed Rect = Rect(__class__=<class 'psychopy.visual.rect.Rect'>, anchor=('center', 'center'), autoDraw=False, autoLog=True, closeShape=True, color=method-wrapper(...), colorSpace='rgb', contrast=None, depth=0, draggable=False, fillColor=array([-0.5, -0.5, -0.5]), fillColorSpace='rgb', fillRGB=array([-0.5, -0.5, -0.5]), interpolate=True, lineColor=array([0., 0., 0.]), lineColorSpace='rgb', lineRGB=array([0, 0, 0]), lineWidth=1.5, name='unnamed Rect', opacity=0.45, ori=0.0, pos=array([0., 0.]), size=array([880., 520.]), units='pix', vertices=ndarray(...), win=Window(...))
641.1833 	EXP 	window1: mouseVisible = <method-wrapper '__getattribute__' of attributeSetter object at 0x7f8c216469d0>
641.2082 	EXP 	Created unnamed TextStim = TextStim(__class__=<class 'psychopy.visual.text.TextStim'>, alignHoriz=method-wrapper(...), alignText='center', alignVert=method-wrapper(...), anchorHoriz='center', anchorVert='center', antialias=True, autoDraw=False, autoLog=True, bold=True, color=array([1., 1., 1.]), colorSpace='rgb', contrast=1.0, depth=0, draggable=False, flipHoriz=False, flipVert=False, font='', fontFiles=[], height=28.0, italic=False, languageStyle='LTR', name='unnamed TextStim', opacity=1.0, ori=0.0, pos=array([0., 0.]), rgb=UNKNOWN, text=str(...), units='pix', win=Window(...), wrapWidth=820)
641.2103 	WARNING 	t of last frame was 33.68ms (=1/29)
650.8938 	DATA 	Mouse: wheel shift=(0,0), pos=(173,623)
650.9769 	DATA 	Mouse: wheel shift=(0,0), pos=(173,623)
652.0158 	DATA 	Keypress: space
652.0240 	EXP 	window1: mouseVisible = True
